Archive member included to satisfy reference by file (symbol)

pico-ssd1306/libpico_ssd1306.a(ssd1306.cpp.obj)
                              CMakeFiles/multi_spi.dir/main.cpp.obj (pico_ssd1306::SSD1306::sendBuffer())
pico-ssd1306/libpico_ssd1306.a(FrameBuffer.cpp.obj)
                              pico-ssd1306/libpico_ssd1306.a(ssd1306.cpp.obj) (FrameBuffer::FrameBuffer())
pico-ssd1306/libpico_ssd1306.a(TextRenderer.cpp.obj)
                              CMakeFiles/multi_spi.dir/main.cpp.obj (pico_ssd1306::drawText(pico_ssd1306::SSD1306*, unsigned char const*, char const*, unsigned char, unsigned char, pico_ssd1306::WriteMode, pico_ssd1306::Rotation))
/usr/local/Cellar/arm-none-eabi-gcc/10.3-2021.07/gcc/bin/../lib/gcc/arm-none-eabi/10.3.1/thumb/v6-m/nofp/libgcc.a(_dvmd_tls.o)
                              CMakeFiles/multi_spi.dir/Users/mattgardner/pico/pico-sdk/src/rp2_common/pico_divider/divider.S.obj (__aeabi_idiv0)
/usr/local/Cellar/arm-none-eabi-gcc/10.3-2021.07/gcc/bin/../lib/gcc/arm-none-eabi/10.3.1/../../../../arm-none-eabi/lib/thumb/v6-m/nofp/libc.a(lib_a-calloc.o)
                              CMakeFiles/multi_spi.dir/Users/mattgardner/pico/pico-sdk/src/rp2_common/pico_malloc/pico_malloc.c.obj (calloc)
/usr/local/Cellar/arm-none-eabi-gcc/10.3-2021.07/gcc/bin/../lib/gcc/arm-none-eabi/10.3.1/../../../../arm-none-eabi/lib/thumb/v6-m/nofp/libc.a(lib_a-callocr.o)
                              /usr/local/Cellar/arm-none-eabi-gcc/10.3-2021.07/gcc/bin/../lib/gcc/arm-none-eabi/10.3.1/../../../../arm-none-eabi/lib/thumb/v6-m/nofp/libc.a(lib_a-calloc.o) (_calloc_r)
/usr/local/Cellar/arm-none-eabi-gcc/10.3-2021.07/gcc/bin/../lib/gcc/arm-none-eabi/10.3.1/../../../../arm-none-eabi/lib/thumb/v6-m/nofp/libc.a(lib_a-errno.o)
                              /usr/local/Cellar/arm-none-eabi-gcc/10.3-2021.07/gcc/bin/../lib/gcc/arm-none-eabi/10.3.1/../../../../arm-none-eabi/lib/thumb/v6-m/nofp/libc.a(lib_a-callocr.o) (__errno)
/usr/local/Cellar/arm-none-eabi-gcc/10.3-2021.07/gcc/bin/../lib/gcc/arm-none-eabi/10.3.1/../../../../arm-none-eabi/lib/thumb/v6-m/nofp/libc.a(lib_a-impure.o)
                              /usr/local/Cellar/arm-none-eabi-gcc/10.3-2021.07/gcc/bin/../lib/gcc/arm-none-eabi/10.3.1/../../../../arm-none-eabi/lib/thumb/v6-m/nofp/libc.a(lib_a-calloc.o) (_impure_ptr)
/usr/local/Cellar/arm-none-eabi-gcc/10.3-2021.07/gcc/bin/../lib/gcc/arm-none-eabi/10.3.1/../../../../arm-none-eabi/lib/thumb/v6-m/nofp/libc.a(lib_a-init.o)
                              /usr/local/Cellar/arm-none-eabi-gcc/10.3-2021.07/gcc/bin/../lib/gcc/arm-none-eabi/10.3.1/../../../../arm-none-eabi/lib/thumb/v6-m/nofp/crt0.o (__libc_init_array)
/usr/local/Cellar/arm-none-eabi-gcc/10.3-2021.07/gcc/bin/../lib/gcc/arm-none-eabi/10.3.1/../../../../arm-none-eabi/lib/thumb/v6-m/nofp/libc.a(lib_a-malloc.o)
                              CMakeFiles/multi_spi.dir/Users/mattgardner/pico/pico-sdk/src/rp2_common/pico_malloc/pico_malloc.c.obj (malloc)
/usr/local/Cellar/arm-none-eabi-gcc/10.3-2021.07/gcc/bin/../lib/gcc/arm-none-eabi/10.3.1/../../../../arm-none-eabi/lib/thumb/v6-m/nofp/libc.a(lib_a-mallocr.o)
                              /usr/local/Cellar/arm-none-eabi-gcc/10.3-2021.07/gcc/bin/../lib/gcc/arm-none-eabi/10.3.1/../../../../arm-none-eabi/lib/thumb/v6-m/nofp/libc.a(lib_a-callocr.o) (_malloc_r)
/usr/local/Cellar/arm-none-eabi-gcc/10.3-2021.07/gcc/bin/../lib/gcc/arm-none-eabi/10.3.1/../../../../arm-none-eabi/lib/thumb/v6-m/nofp/libc.a(lib_a-mlock.o)
                              /usr/local/Cellar/arm-none-eabi-gcc/10.3-2021.07/gcc/bin/../lib/gcc/arm-none-eabi/10.3.1/../../../../arm-none-eabi/lib/thumb/v6-m/nofp/libc.a(lib_a-mallocr.o) (__malloc_lock)
/usr/local/Cellar/arm-none-eabi-gcc/10.3-2021.07/gcc/bin/../lib/gcc/arm-none-eabi/10.3.1/../../../../arm-none-eabi/lib/thumb/v6-m/nofp/libc.a(lib_a-sbrkr.o)
                              /usr/local/Cellar/arm-none-eabi-gcc/10.3-2021.07/gcc/bin/../lib/gcc/arm-none-eabi/10.3.1/../../../../arm-none-eabi/lib/thumb/v6-m/nofp/libc.a(lib_a-mallocr.o) (_sbrk_r)
/usr/local/Cellar/arm-none-eabi-gcc/10.3-2021.07/gcc/bin/../lib/gcc/arm-none-eabi/10.3.1/../../../../arm-none-eabi/lib/thumb/v6-m/nofp/libc.a(lib_a-strcpy.o)
                              CMakeFiles/multi_spi.dir/main.cpp.obj (strcpy)
/usr/local/Cellar/arm-none-eabi-gcc/10.3-2021.07/gcc/bin/../lib/gcc/arm-none-eabi/10.3.1/../../../../arm-none-eabi/lib/thumb/v6-m/nofp/libc.a(lib_a-strlen-stub.o)
                              CMakeFiles/multi_spi.dir/Users/mattgardner/pico/pico-sdk/src/rp2_common/pico_stdio/stdio.c.obj (strlen)
/usr/local/Cellar/arm-none-eabi-gcc/10.3-2021.07/gcc/bin/../lib/gcc/arm-none-eabi/10.3.1/../../../../arm-none-eabi/lib/thumb/v6-m/nofp/libc.a(lib_a-freer.o)
                              /usr/local/Cellar/arm-none-eabi-gcc/10.3-2021.07/gcc/bin/../lib/gcc/arm-none-eabi/10.3.1/../../../../arm-none-eabi/lib/thumb/v6-m/nofp/libc.a(lib_a-malloc.o) (_free_r)
[...]
Memory Configuration

Name             Origin             Length             Attributes
FLASH            0x0000000010000000 0x0000000000200000 xr
RAM              0x0000000020000000 0x0000000000040000 xrw
SCRATCH_X        0x0000000020040000 0x0000000000001000 xrw
SCRATCH_Y        0x0000000020041000 0x0000000000001000 xrw
*default*        0x0000000000000000 0xffffffffffffffff

Linker script and memory map

LOAD /usr/local/Cellar/arm-none-eabi-gcc/10.3-2021.07/gcc/bin/../lib/gcc/arm-none-eabi/10.3.1/thumb/v6-m/nofp/crti.o
LOAD /usr/local/Cellar/arm-none-eabi-gcc/10.3-2021.07/gcc/bin/../lib/gcc/arm-none-eabi/10.3.1/thumb/v6-m/nofp/crtbegin.o
LOAD /usr/local/Cellar/arm-none-eabi-gcc/10.3-2021.07/gcc/bin/../lib/gcc/arm-none-eabi/10.3.1/../../../../arm-none-eabi/lib/thumb/v6-m/nofp/crt0.o

.flash_begin    0x0000000010000000        0x0
                0x0000000010000000                __flash_binary_start = .

.boot2          0x0000000010000000      0x100
                0x0000000010000000                __boot2_start__ = .
 *(.boot2)
 .boot2         0x0000000010000000      0x100 /var/folders/c2/6dfmhgb13q93z58f1xvwt4zr0000gn/T//ccysCN1W.o
                0x0000000010000100                __boot2_end__ = .
                0x0000000000000001                ASSERT (((__boot2_end__ - __boot2_start__) == 0x100), ERROR: Pico second stage bootloader must be 256 bytes in size)

.text           0x0000000010000100     0x7958
                0x0000000010000100                __logical_binary_start = .
 *(.vectors)
 .vectors       0x0000000010000100       0xd4 CMakeFiles/multi_spi.dir/Users/mattgardner/pico/pico-sdk/src/rp2_common/pico_standard_link/crt0.S.obj
                0x0000000010000100                __VECTOR_TABLE
                0x0000000010000100                __vectors
                0x00000000100001c0                __default_isrs_start
                0x00000000100001c0                isr_invalid
                0x00000000100001c2                isr_nmi
                0x00000000100001c4                isr_hardfault
                0x00000000100001c6                isr_svcall
                0x00000000100001c8                isr_pendsv
                0x00000000100001ca                isr_systick
                0x00000000100001cc                isr_irq28
                0x00000000100001cc                isr_irq19
                0x00000000100001cc                isr_irq0
                0x00000000100001cc                isr_irq6
                0x00000000100001cc                isr_irq22
                0x00000000100001cc                isr_irq17
                0x00000000100001cc                isr_irq14
                0x00000000100001cc                isr_irq2
                0x00000000100001cc                isr_irq10
                0x00000000100001cc                isr_irq8
                0x00000000100001cc                isr_irq24
                0x00000000100001cc                isr_irq1
                0x00000000100001cc                isr_irq7
                0x00000000100001cc                isr_irq21
                0x00000000100001cc                isr_irq20
                0x00000000100001cc                isr_irq15
                0x00000000100001cc                isr_irq25
                0x00000000100001cc                isr_irq4
                0x00000000100001cc                isr_irq16
                0x00000000100001cc                isr_irq29
                0x00000000100001cc                isr_irq26
                0x00000000100001cc                __default_isrs_end
                0x00000000100001cc                isr_irq3
                0x00000000100001cc                isr_irq9
                0x00000000100001cc                __unhandled_user_irq
                0x00000000100001cc                isr_irq13
                0x00000000100001cc                isr_irq27
                0x00000000100001cc                isr_irq31
                0x00000000100001cc                isr_irq5
                0x00000000100001cc                isr_irq11
                0x00000000100001cc                isr_irq23
                0x00000000100001cc                isr_irq18
                0x00000000100001cc                isr_irq30
                0x00000000100001cc                isr_irq12
                0x00000000100001d2                unhandled_user_irq_num_in_r0
 *(.binary_info_header)
 .binary_info_header
                0x00000000100001d4       0x14 CMakeFiles/multi_spi.dir/Users/mattgardner/pico/pico-sdk/src/rp2_common/pico_standard_link/crt0.S.obj
                0x00000000100001e8                __binary_info_header_end = .
 *(.reset)
 .reset         0x00000000100001e8       0xa8 CMakeFiles/multi_spi.dir/Users/mattgardner/pico/pico-sdk/src/rp2_common/pico_standard_link/crt0.S.obj
                0x00000000100001e8                _entry_point
                0x0000000010000266                __get_current_exception
 .reset         0x0000000010000290       0x30 CMakeFiles/multi_spi.dir/Users/mattgardner/pico/pico-sdk/src/rp2_common/pico_standard_link/binary_info.c.obj
 *(.init)
 .init          0x00000000100002c0        0x4 /usr/local/Cellar/arm-none-eabi-gcc/10.3-2021.07/gcc/bin/../lib/gcc/arm-none-eabi/10.3.1/thumb/v6-m/nofp/crti.o
                0x00000000100002c0                _init
 *(EXCLUDE_FILE(*libm.a: *libc.a:*lib_a-mem*.o *libgcc.a:) .text*)
 .text          0x00000000100002c4       0x48 /usr/local/Cellar/arm-none-eabi-gcc/10.3-2021.07/gcc/bin/../lib/gcc/arm-none-eabi/10.3.1/thumb/v6-m/nofp/crtbegin.o
 .text.startup.main
                0x000000001000030c      0x1c4 CMakeFiles/multi_spi.dir/main.cpp.obj
                0x000000001000030c                main
 .text.i2c_set_baudrate
                0x00000000100004d0       0xc4 CMakeFiles/multi_spi.dir/Users/mattgardner/pico/pico-sdk/src/rp2_common/hardware_i2c/i2c.c.obj
                0x00000000100004d0                i2c_set_baudrate
 .text.i2c_init
                0x0000000010000594       0x54 CMakeFiles/multi_spi.dir/Users/mattgardner/pico/pico-sdk/src/rp2_common/hardware_i2c/i2c.c.obj
                0x0000000010000594                i2c_init
 .text.i2c_write_blocking
                0x00000000100005e8       0xd0 CMakeFiles/multi_spi.dir/Users/mattgardner/pico/pico-sdk/src/rp2_common/hardware_i2c/i2c.c.obj
                0x00000000100005e8                i2c_write_blocking
 .text.hw_claim_or_assert
                0x00000000100006b8       0x44 CMakeFiles/multi_spi.dir/Users/mattgardner/pico/pico-sdk/src/rp2_common/hardware_claim/claim.c.obj
                0x00000000100006b8                hw_claim_or_assert
 .text.hw_claim_unused_from_range
                0x00000000100006fc       0x9c CMakeFiles/multi_spi.dir/Users/mattgardner/pico/pico-sdk/src/rp2_common/hardware_claim/claim.c.obj
                0x00000000100006fc                hw_claim_unused_from_range
 .text.running_on_fpga
                0x0000000010000798       0x10 CMakeFiles/multi_spi.dir/Users/mattgardner/pico/pico-sdk/src/rp2_common/pico_platform/platform.c.obj
                0x0000000010000798                running_on_fpga
 .text.spin_locks_reset
                0x00000000100007a8       0x1c CMakeFiles/multi_spi.dir/Users/mattgardner/pico/pico-sdk/src/rp2_common/hardware_sync/sync.c.obj
                0x00000000100007a8                spin_locks_reset
 .text.next_striped_spin_lock_num
                0x00000000100007c4       0x18 CMakeFiles/multi_spi.dir/Users/mattgardner/pico/pico-sdk/src/rp2_common/hardware_sync/sync.c.obj
                0x00000000100007c4                next_striped_spin_lock_num
 .text.spin_lock_claim_unused
                0x00000000100007dc       0x20 CMakeFiles/multi_spi.dir/Users/mattgardner/pico/pico-sdk/src/rp2_common/hardware_sync/sync.c.obj
                0x00000000100007dc                spin_lock_claim_unused
 .text.gpio_set_function
                0x00000000100007fc       0x30 CMakeFiles/multi_spi.dir/Users/mattgardner/pico/pico-sdk/src/rp2_common/hardware_gpio/gpio.c.obj
                0x00000000100007fc                gpio_set_function
 .text.gpio_set_pulls
                0x000000001000082c       0x30 CMakeFiles/multi_spi.dir/Users/mattgardner/pico/pico-sdk/src/rp2_common/hardware_gpio/gpio.c.obj
                0x000000001000082c                gpio_set_pulls
 .text.timer_pool_entry_comparator
                0x000000001000085c       0x34 CMakeFiles/multi_spi.dir/Users/mattgardner/pico/pico-sdk/src/common/pico_time/time.c.obj
                0x000000001000085c                timer_pool_entry_comparator
 .text.sleep_until_callback
                0x0000000010000890       0x30 CMakeFiles/multi_spi.dir/Users/mattgardner/pico/pico-sdk/src/common/pico_time/time.c.obj
 .text.add_alarm_under_lock.isra.0
                0x00000000100008c0      0x100 CMakeFiles/multi_spi.dir/Users/mattgardner/pico/pico-sdk/src/common/pico_time/time.c.obj
 .text.alarm_pool_alarm_callback
                0x00000000100009c0      0x1c8 CMakeFiles/multi_spi.dir/Users/mattgardner/pico/pico-sdk/src/common/pico_time/time.c.obj
 .text.alarm_pool_add_alarm_at.constprop.0
                0x0000000010000b88      0x11c CMakeFiles/multi_spi.dir/Users/mattgardner/pico/pico-sdk/src/common/pico_time/time.c.obj
 .text.alarm_pool_init_default
                0x0000000010000ca4       0x64 CMakeFiles/multi_spi.dir/Users/mattgardner/pico/pico-sdk/src/common/pico_time/time.c.obj
                0x0000000010000ca4                alarm_pool_init_default
 .text.alarm_pool_get_default
                0x0000000010000d08        0x8 CMakeFiles/multi_spi.dir/Users/mattgardner/pico/pico-sdk/src/common/pico_time/time.c.obj
                0x0000000010000d08                alarm_pool_get_default
 .text.alarm_pool_add_alarm_at
                0x0000000010000d10      0x194 CMakeFiles/multi_spi.dir/Users/mattgardner/pico/pico-sdk/src/common/pico_time/time.c.obj
                0x0000000010000d10                alarm_pool_add_alarm_at
 .text.sleep_until
                0x0000000010000ea4       0xac CMakeFiles/multi_spi.dir/Users/mattgardner/pico/pico-sdk/src/common/pico_time/time.c.obj
                0x0000000010000ea4                sleep_until
 .text.sleep_ms
                0x0000000010000f50       0x38 CMakeFiles/multi_spi.dir/Users/mattgardner/pico/pico-sdk/src/common/pico_time/time.c.obj
                0x0000000010000f50                sleep_ms
 .text.best_effort_wfe_or_timeout
                0x0000000010000f88       0xd4 CMakeFiles/multi_spi.dir/Users/mattgardner/pico/pico-sdk/src/common/pico_time/time.c.obj
                0x0000000010000f88                best_effort_wfe_or_timeout
 .text.hardware_alarm_irq_handler
                0x000000001000105c       0xb8 CMakeFiles/multi_spi.dir/Users/mattgardner/pico/pico-sdk/src/rp2_common/hardware_timer/timer.c.obj
 .text.hardware_alarm_claim
                0x0000000010001114       0x18 CMakeFiles/multi_spi.dir/Users/mattgardner/pico/pico-sdk/src/rp2_common/hardware_timer/timer.c.obj
                0x0000000010001114                hardware_alarm_claim
 .text.time_us_64
                0x000000001000112c       0x14 CMakeFiles/multi_spi.dir/Users/mattgardner/pico/pico-sdk/src/rp2_common/hardware_timer/timer.c.obj
                0x000000001000112c                time_us_64
 .text.busy_wait_until
                0x0000000010001140       0x20 CMakeFiles/multi_spi.dir/Users/mattgardner/pico/pico-sdk/src/rp2_common/hardware_timer/timer.c.obj
                0x0000000010001140                busy_wait_until
 .text.hardware_alarm_set_callback
                0x0000000010001160       0x8c CMakeFiles/multi_spi.dir/Users/mattgardner/pico/pico-sdk/src/rp2_common/hardware_timer/timer.c.obj
                0x0000000010001160                hardware_alarm_set_callback
 .text.hardware_alarm_set_target
                0x00000000100011ec       0xe0 CMakeFiles/multi_spi.dir/Users/mattgardner/pico/pico-sdk/src/rp2_common/hardware_timer/timer.c.obj
                0x00000000100011ec                hardware_alarm_set_target
 .text.hardware_alarm_cancel
                0x00000000100012cc       0x3c CMakeFiles/multi_spi.dir/Users/mattgardner/pico/pico-sdk/src/rp2_common/hardware_timer/timer.c.obj
                0x00000000100012cc                hardware_alarm_cancel
 .text.lock_init
                0x0000000010001308       0x10 CMakeFiles/multi_spi.dir/Users/mattgardner/pico/pico-sdk/src/common/pico_sync/lock_core.c.obj
                0x0000000010001308                lock_init
 .text.mutex_init
                0x0000000010001318       0x1c CMakeFiles/multi_spi.dir/Users/mattgardner/pico/pico-sdk/src/common/pico_sync/mutex.c.obj
                0x0000000010001318                mutex_init
 .text.recursive_mutex_init
                0x0000000010001334       0x1c CMakeFiles/multi_spi.dir/Users/mattgardner/pico/pico-sdk/src/common/pico_sync/mutex.c.obj
                0x0000000010001334                recursive_mutex_init
 .text.critical_section_init
                0x0000000010001350       0x20 CMakeFiles/multi_spi.dir/Users/mattgardner/pico/pico-sdk/src/common/pico_sync/critical_section.c.obj
                0x0000000010001350                critical_section_init
 .text.ph_merge_nodes
                0x0000000010001370       0x68 CMakeFiles/multi_spi.dir/Users/mattgardner/pico/pico-sdk/src/common/pico_util/pheap.c.obj
 .text.ph_post_alloc_init
                0x00000000100013d8       0x3c CMakeFiles/multi_spi.dir/Users/mattgardner/pico/pico-sdk/src/common/pico_util/pheap.c.obj
                0x00000000100013d8                ph_post_alloc_init
 .text.ph_merge_two_pass
                0x0000000010001414       0x90 CMakeFiles/multi_spi.dir/Users/mattgardner/pico/pico-sdk/src/common/pico_util/pheap.c.obj
                0x0000000010001414                ph_merge_two_pass
 .text.ph_remove_any_head
                0x00000000100014a4       0xf8 CMakeFiles/multi_spi.dir/Users/mattgardner/pico/pico-sdk/src/common/pico_util/pheap.c.obj
 .text.ph_remove_head
                0x000000001000159c       0xfc CMakeFiles/multi_spi.dir/Users/mattgardner/pico/pico-sdk/src/common/pico_util/pheap.c.obj
                0x000000001000159c                ph_remove_head
 .text.ph_remove_and_free_node
                0x0000000010001698       0x7c CMakeFiles/multi_spi.dir/Users/mattgardner/pico/pico-sdk/src/common/pico_util/pheap.c.obj
                0x0000000010001698                ph_remove_and_free_node
 .text.runtime_init
                0x0000000010001714       0xf0 CMakeFiles/multi_spi.dir/Users/mattgardner/pico/pico-sdk/src/rp2_common/pico_runtime/runtime.c.obj
                0x0000000010001714                runtime_init
 .text._sbrk    0x0000000010001804       0x34 CMakeFiles/multi_spi.dir/Users/mattgardner/pico/pico-sdk/src/rp2_common/pico_runtime/runtime.c.obj
                0x0000000010001804                _sbrk
 .text.exit     0x0000000010001838        0x4 CMakeFiles/multi_spi.dir/Users/mattgardner/pico/pico-sdk/src/rp2_common/pico_runtime/runtime.c.obj
                0x0000000010001838                exit
 .text.panic    0x000000001000183c       0x30 CMakeFiles/multi_spi.dir/Users/mattgardner/pico/pico-sdk/src/rp2_common/pico_runtime/runtime.c.obj
                0x000000001000183c                panic
 .text.hard_assertion_failure
                0x000000001000186c        0xc CMakeFiles/multi_spi.dir/Users/mattgardner/pico/pico-sdk/src/rp2_common/pico_runtime/runtime.c.obj
                0x000000001000186c                hard_assertion_failure
 .text.clocks_init
                0x0000000010001878      0x2bc CMakeFiles/multi_spi.dir/Users/mattgardner/pico/pico-sdk/src/rp2_common/hardware_clocks/clocks.c.obj
                0x0000000010001878                clocks_init
 .text.clock_get_hz
                0x0000000010001b34        0xc CMakeFiles/multi_spi.dir/Users/mattgardner/pico/pico-sdk/src/rp2_common/hardware_clocks/clocks.c.obj
                0x0000000010001b34                clock_get_hz
 .text.irq_set_enabled
                0x0000000010001b40       0x24 CMakeFiles/multi_spi.dir/Users/mattgardner/pico/pico-sdk/src/rp2_common/hardware_irq/irq.c.obj
                0x0000000010001b40                irq_set_enabled
 .text.irq_set_pending
                0x0000000010001b64       0x10 CMakeFiles/multi_spi.dir/Users/mattgardner/pico/pico-sdk/src/rp2_common/hardware_irq/irq.c.obj
                0x0000000010001b64                irq_set_pending
 .text.irq_get_vtable_handler
                0x0000000010001b74       0x10 CMakeFiles/multi_spi.dir/Users/mattgardner/pico/pico-sdk/src/rp2_common/hardware_irq/irq.c.obj
                0x0000000010001b74                irq_get_vtable_handler
 .text.irq_set_exclusive_handler
                0x0000000010001b84       0x54 CMakeFiles/multi_spi.dir/Users/mattgardner/pico/pico-sdk/src/rp2_common/hardware_irq/irq.c.obj
                0x0000000010001b84                irq_set_exclusive_handler
 .text.irq_remove_handler
                0x0000000010001bd8      0x1b4 CMakeFiles/multi_spi.dir/Users/mattgardner/pico/pico-sdk/src/rp2_common/hardware_irq/irq.c.obj
                0x0000000010001bd8                irq_remove_handler
 .text.irq_add_tail_to_free_list
                0x0000000010001d8c       0xb4 CMakeFiles/multi_spi.dir/Users/mattgardner/pico/pico-sdk/src/rp2_common/hardware_irq/irq.c.obj
                0x0000000010001d8c                irq_add_tail_to_free_list
 .text.irq_init_priorities
                0x0000000010001e40       0x24 CMakeFiles/multi_spi.dir/Users/mattgardner/pico/pico-sdk/src/rp2_common/hardware_irq/irq.c.obj
                0x0000000010001e40                irq_init_priorities
 .text.pll_init
                0x0000000010001e64       0xa8 CMakeFiles/multi_spi.dir/Users/mattgardner/pico/pico-sdk/src/rp2_common/hardware_pll/pll.c.obj
                0x0000000010001e64                pll_init
 .text.watchdog_start_tick
                0x0000000010001f0c       0x10 CMakeFiles/multi_spi.dir/Users/mattgardner/pico/pico-sdk/src/rp2_common/hardware_watchdog/watchdog.c.obj
                0x0000000010001f0c                watchdog_start_tick
 .text.watchdog_reboot
                0x0000000010001f1c       0x98 CMakeFiles/multi_spi.dir/Users/mattgardner/pico/pico-sdk/src/rp2_common/hardware_watchdog/watchdog.c.obj
                0x0000000010001f1c                watchdog_reboot
 .text.xosc_init
                0x0000000010001fb4       0x28 CMakeFiles/multi_spi.dir/Users/mattgardner/pico/pico-sdk/src/rp2_common/hardware_xosc/xosc.c.obj
                0x0000000010001fb4                xosc_init
 .text._out_null
                0x0000000010001fdc        0x4 CMakeFiles/multi_spi.dir/Users/mattgardner/pico/pico-sdk/src/rp2_common/pico_printf/printf.c.obj
 .text._out_rev
                0x0000000010001fe0       0x9c CMakeFiles/multi_spi.dir/Users/mattgardner/pico/pico-sdk/src/rp2_common/pico_printf/printf.c.obj
 .text._ntoa_format
                0x000000001000207c      0x1cc CMakeFiles/multi_spi.dir/Users/mattgardner/pico/pico-sdk/src/rp2_common/pico_printf/printf.c.obj
 .text._out_char
                0x0000000010002248       0x10 CMakeFiles/multi_spi.dir/Users/mattgardner/pico/pico-sdk/src/rp2_common/pico_printf/printf.c.obj
 .text._out_fct
                0x0000000010002258       0x10 CMakeFiles/multi_spi.dir/Users/mattgardner/pico/pico-sdk/src/rp2_common/pico_printf/printf.c.obj
 .text._etoa    0x0000000010002268      0x44c CMakeFiles/multi_spi.dir/Users/mattgardner/pico/pico-sdk/src/rp2_common/pico_printf/printf.c.obj
 .text._ftoa    0x00000000100026b4      0x398 CMakeFiles/multi_spi.dir/Users/mattgardner/pico/pico-sdk/src/rp2_common/pico_printf/printf.c.obj
 .text._vsnprintf
                0x0000000010002a4c      0xb04 CMakeFiles/multi_spi.dir/Users/mattgardner/pico/pico-sdk/src/rp2_common/pico_printf/printf.c.obj
 .text.vfctprintf
                0x0000000010003550       0x20 CMakeFiles/multi_spi.dir/Users/mattgardner/pico/pico-sdk/src/rp2_common/pico_printf/printf.c.obj
                0x0000000010003550                vfctprintf
 .text.weak_raw_vprintf
                0x0000000010003570       0x30 CMakeFiles/multi_spi.dir/Users/mattgardner/pico/pico-sdk/src/rp2_common/pico_printf/printf.c.obj
                0x0000000010003570                weak_raw_vprintf
 .text          0x00000000100035a0       0x10 CMakeFiles/multi_spi.dir/Users/mattgardner/pico/pico-sdk/src/rp2_common/pico_bit_ops/bit_ops_aeabi.S.obj
 .text.rom_func_lookup
                0x00000000100035b0       0x10 CMakeFiles/multi_spi.dir/Users/mattgardner/pico/pico-sdk/src/rp2_common/pico_bootrom/bootrom.c.obj
                0x00000000100035b0                rom_func_lookup
 .text.rom_data_lookup
                0x00000000100035c0       0x10 CMakeFiles/multi_spi.dir/Users/mattgardner/pico/pico-sdk/src/rp2_common/pico_bootrom/bootrom.c.obj
                0x00000000100035c0                rom_data_lookup
 .text.rom_funcs_lookup
                0x00000000100035d0       0x44 CMakeFiles/multi_spi.dir/Users/mattgardner/pico/pico-sdk/src/rp2_common/pico_bootrom/bootrom.c.obj
                0x00000000100035d0                rom_funcs_lookup
 .text.__wrap___aeabi_idiv
                0x0000000010003614       0x50 CMakeFiles/multi_spi.dir/Users/mattgardner/pico/pico-sdk/src/rp2_common/pico_divider/divider.S.obj
                0x0000000010003614                __wrap___aeabi_idivmod
                0x0000000010003614                divmod_s32s32
                0x0000000010003614                div_s32s32
                0x0000000010003614                __wrap___aeabi_idiv
                0x000000001000361c                divmod_s32s32_unsafe
                0x0000000010003648                divmod_s32s32_savestate
 .text.__wrap___aeabi_uidiv
                0x0000000010003664       0x4c CMakeFiles/multi_spi.dir/Users/mattgardner/pico/pico-sdk/src/rp2_common/pico_divider/divider.S.obj
                0x0000000010003664                __wrap___aeabi_uidiv
                0x0000000010003664                __wrap___aeabi_uidivmod
                0x0000000010003664                div_u32u32
                0x0000000010003664                divmod_u32u32
                0x000000001000366c                divmod_u32u32_unsafe
                0x0000000010003694                divmod_u32u32_savestate
 .text.__wrap___aeabi_ldiv
                0x00000000100036b0      0x434 CMakeFiles/multi_spi.dir/Users/mattgardner/pico/pico-sdk/src/rp2_common/pico_divider/divider.S.obj
                0x00000000100036b0                __wrap___aeabi_ldivmod
                0x00000000100036b0                div_s64s64
                0x00000000100036b0                divmod_s64s64
                0x00000000100036e8                divmod_u64u64
                0x00000000100036e8                div_u64u64
                0x00000000100036e8                __wrap___aeabi_uldivmod
                0x00000000100036f8                divmod_u64u64_savestate
                0x0000000010003720                divmod_s64s64_unsafe
                0x00000000100037a8                divmod_u64u64_unsafe
 .text.__wrap___aeabi_darithmetic
                0x0000000010003ae4       0x60 CMakeFiles/multi_spi.dir/Users/mattgardner/pico/pico-sdk/src/rp2_common/pico_double/double_aeabi.S.obj
                0x0000000010003ae4                __wrap___aeabi_drsub
                0x0000000010003aea                __wrap___aeabi_dsub
                0x0000000010003af4                __wrap___aeabi_dadd
                0x0000000010003afe                __wrap___aeabi_ddiv
                0x0000000010003b32                __wrap___aeabi_dmul
 .text.__wrap___aeabi_cdcmple
                0x0000000010003b44       0x6c CMakeFiles/multi_spi.dir/Users/mattgardner/pico/pico-sdk/src/rp2_common/pico_double/double_aeabi.S.obj
                0x0000000010003b44                __wrap___aeabi_cdrcmple
                0x0000000010003b54                __wrap___aeabi_cdcmple
                0x0000000010003b54                __wrap___aeabi_cdcmpeq
 .text.__wrap___aeabi_dcmplt
                0x0000000010003bb0        0xc CMakeFiles/multi_spi.dir/Users/mattgardner/pico/pico-sdk/src/rp2_common/pico_double/double_aeabi.S.obj
                0x0000000010003bb0                __wrap___aeabi_dcmplt
 .text.__wrap___aeabi_dcmple
                0x0000000010003bbc       0x10 CMakeFiles/multi_spi.dir/Users/mattgardner/pico/pico-sdk/src/rp2_common/pico_double/double_aeabi.S.obj
                0x0000000010003bbc                __wrap___aeabi_dcmple
 .text.__wrap___aeabi_dcmpge
                0x0000000010003bcc       0x10 CMakeFiles/multi_spi.dir/Users/mattgardner/pico/pico-sdk/src/rp2_common/pico_double/double_aeabi.S.obj
                0x0000000010003bcc                __wrap___aeabi_dcmpge
 .text.__wrap___aeabi_dcmpgt
                0x0000000010003bdc        0xa CMakeFiles/multi_spi.dir/Users/mattgardner/pico/pico-sdk/src/rp2_common/pico_double/double_aeabi.S.obj
                0x0000000010003bdc                __wrap___aeabi_dcmpgt
 .text.__wrap___aeabi_dcmpun
                0x0000000010003be6       0x1c CMakeFiles/multi_spi.dir/Users/mattgardner/pico/pico-sdk/src/rp2_common/pico_double/double_aeabi.S.obj
                0x0000000010003be6                __wrap___aeabi_dcmpun
 *fill*         0x0000000010003c02        0x2 
 .text.__wrap___aeabi_i2d
                0x0000000010003c04       0x38 CMakeFiles/multi_spi.dir/Users/mattgardner/pico/pico-sdk/src/rp2_common/pico_double/double_aeabi.S.obj
                0x0000000010003c04                __wrap___aeabi_ui2d
                0x0000000010003c0c                __wrap___aeabi_i2d
 .text.__wrap___aeabi_d2iz
                0x0000000010003c3c       0x48 CMakeFiles/multi_spi.dir/Users/mattgardner/pico/pico-sdk/src/rp2_common/pico_double/double_aeabi.S.obj
                0x0000000010003c3c                __wrap___aeabi_d2iz
                0x0000000010003c3c                double2int_z
 .text.__wrap___aeabi_d2uiz
                0x0000000010003c84       0x10 CMakeFiles/multi_spi.dir/Users/mattgardner/pico/pico-sdk/src/rp2_common/pico_double/double_aeabi.S.obj
                0x0000000010003c84                double2uint
                0x0000000010003c84                __wrap___aeabi_d2uiz
 .text.missing_double_func_shim
                0x0000000010003c94        0xc CMakeFiles/multi_spi.dir/Users/mattgardner/pico/pico-sdk/src/rp2_common/pico_double/double_init_rom.c.obj
 .text.__aeabi_double_init
                0x0000000010003ca0       0x98 CMakeFiles/multi_spi.dir/Users/mattgardner/pico/pico-sdk/src/rp2_common/pico_double/double_init_rom.c.obj
                0x0000000010003ca0                __aeabi_double_init
 .text.double_table_shim_on_use_helper
                0x0000000010003d38       0x2c CMakeFiles/multi_spi.dir/Users/mattgardner/pico/pico-sdk/src/rp2_common/pico_double/double_v1_rom_shim.S.obj
                0x0000000010003d38                double_table_shim_on_use_helper
 .text.__aeabi_lmul
                0x0000000010003d64       0x32 CMakeFiles/multi_spi.dir/Users/mattgardner/pico/pico-sdk/src/rp2_common/pico_int64_ops/pico_int64_ops_aeabi.S.obj
                0x0000000010003d64                __wrap___aeabi_lmul
 *fill*         0x0000000010003d96        0x2 
 .text.missing_float_func_shim
                0x0000000010003d98        0xc CMakeFiles/multi_spi.dir/Users/mattgardner/pico/pico-sdk/src/rp2_common/pico_float/float_init_rom.c.obj
 .text.__aeabi_float_init
                0x0000000010003da4       0x5c CMakeFiles/multi_spi.dir/Users/mattgardner/pico/pico-sdk/src/rp2_common/pico_float/float_init_rom.c.obj
                0x0000000010003da4                __aeabi_float_init
 .text.__wrap_malloc
                0x0000000010003e00       0x24 CMakeFiles/multi_spi.dir/Users/mattgardner/pico/pico-sdk/src/rp2_common/pico_malloc/pico_malloc.c.obj
                0x0000000010003e00                __wrap_malloc
 .text          0x0000000010003e24       0x10 CMakeFiles/multi_spi.dir/Users/mattgardner/pico/pico-sdk/src/rp2_common/pico_mem_ops/mem_ops_aeabi.S.obj
                0x0000000010003e24                __aeabi_mem_init
 .text.memset   0x0000000010003e34        0xc CMakeFiles/multi_spi.dir/Users/mattgardner/pico/pico-sdk/src/rp2_common/pico_mem_ops/mem_ops_aeabi.S.obj
                0x0000000010003e34                __wrap_memset
 .text.memcpy   0x0000000010003e40        0xc CMakeFiles/multi_spi.dir/Users/mattgardner/pico/pico-sdk/src/rp2_common/pico_mem_ops/mem_ops_aeabi.S.obj
                0x0000000010003e40                __wrap___aeabi_memcpy
                0x0000000010003e40                __wrap_memcpy
 .text._Znaj    0x0000000010003e4c        0x8 CMakeFiles/multi_spi.dir/Users/mattgardner/pico/pico-sdk/src/rp2_common/pico_standard_link/new_delete.cpp.obj
                0x0000000010003e4c                operator new[](unsigned int)
 .text.stdio_out_chars_no_crlf
                0x0000000010003e54       0x10 CMakeFiles/multi_spi.dir/Users/mattgardner/pico/pico-sdk/src/rp2_common/pico_stdio/stdio.c.obj
 .text.stdio_out_chars_crlf
                0x0000000010003e64       0xb4 CMakeFiles/multi_spi.dir/Users/mattgardner/pico/pico-sdk/src/rp2_common/pico_stdio/stdio.c.obj
 .text.stdio_buffered_printer
                0x0000000010003f18       0x64 CMakeFiles/multi_spi.dir/Users/mattgardner/pico/pico-sdk/src/rp2_common/pico_stdio/stdio.c.obj
 .text.stdio_put_string.isra.0
                0x0000000010003f7c       0xfc CMakeFiles/multi_spi.dir/Users/mattgardner/pico/pico-sdk/src/rp2_common/pico_stdio/stdio.c.obj
 .text.__wrap_putchar
                0x0000000010004078       0xa0 CMakeFiles/multi_spi.dir/Users/mattgardner/pico/pico-sdk/src/rp2_common/pico_stdio/stdio.c.obj
                0x0000000010004078                __wrap_putchar
 .text.__wrap_puts
                0x0000000010004118       0x3c CMakeFiles/multi_spi.dir/Users/mattgardner/pico/pico-sdk/src/rp2_common/pico_stdio/stdio.c.obj
                0x0000000010004118                __wrap_puts
 .text.stdio_set_driver_enabled
                0x0000000010004154       0x3c CMakeFiles/multi_spi.dir/Users/mattgardner/pico/pico-sdk/src/rp2_common/pico_stdio/stdio.c.obj
                0x0000000010004154                stdio_set_driver_enabled
 .text.__wrap_vprintf
                0x0000000010004190       0xd8 CMakeFiles/multi_spi.dir/Users/mattgardner/pico/pico-sdk/src/rp2_common/pico_stdio/stdio.c.obj
                0x0000000010004190                __wrap_vprintf
 .text.__wrap_printf
                0x0000000010004268       0x18 CMakeFiles/multi_spi.dir/Users/mattgardner/pico/pico-sdk/src/rp2_common/pico_stdio/stdio.c.obj
                0x0000000010004268                __wrap_printf
 .text.stdio_init_all
                0x0000000010004280        0x8 CMakeFiles/multi_spi.dir/Users/mattgardner/pico/pico-sdk/src/rp2_common/pico_stdio/stdio.c.obj
                0x0000000010004280                stdio_init_all
 .text.resetd_init
                0x0000000010004288        0x4 CMakeFiles/multi_spi.dir/Users/mattgardner/pico/pico-sdk/src/rp2_common/pico_stdio_usb/reset_interface.c.obj
 .text.resetd_reset
                0x000000001000428c        0xc CMakeFiles/multi_spi.dir/Users/mattgardner/pico/pico-sdk/src/rp2_common/pico_stdio_usb/reset_interface.c.obj
 .text.resetd_open
                0x0000000010004298       0x28 CMakeFiles/multi_spi.dir/Users/mattgardner/pico/pico-sdk/src/rp2_common/pico_stdio_usb/reset_interface.c.obj
 .text.resetd_xfer_cb
                0x00000000100042c0        0x4 CMakeFiles/multi_spi.dir/Users/mattgardner/pico/pico-sdk/src/rp2_common/pico_stdio_usb/reset_interface.c.obj
 .text.resetd_control_xfer_cb
                0x00000000100042c4       0x64 CMakeFiles/multi_spi.dir/Users/mattgardner/pico/pico-sdk/src/rp2_common/pico_stdio_usb/reset_interface.c.obj
 .text.usbd_app_driver_get_cb
                0x0000000010004328        0xc CMakeFiles/multi_spi.dir/Users/mattgardner/pico/pico-sdk/src/rp2_common/pico_stdio_usb/reset_interface.c.obj
                0x0000000010004328                usbd_app_driver_get_cb
 .text.tud_cdc_line_coding_cb
                0x0000000010004334       0x34 CMakeFiles/multi_spi.dir/Users/mattgardner/pico/pico-sdk/src/rp2_common/pico_stdio_usb/reset_interface.c.obj
                0x0000000010004334                tud_cdc_line_coding_cb
 .text.stdio_usb_in_chars
                0x0000000010004368       0x68 CMakeFiles/multi_spi.dir/Users/mattgardner/pico/pico-sdk/src/rp2_common/pico_stdio_usb/stdio_usb.c.obj
                0x0000000010004368                stdio_usb_in_chars
 .text.stdio_usb_out_chars
                0x00000000100043d0       0xe4 CMakeFiles/multi_spi.dir/Users/mattgardner/pico/pico-sdk/src/rp2_common/pico_stdio_usb/stdio_usb.c.obj
 .text.timer_task
                0x00000000100044b4       0x10 CMakeFiles/multi_spi.dir/Users/mattgardner/pico/pico-sdk/src/rp2_common/pico_stdio_usb/stdio_usb.c.obj
 .text.low_priority_worker_irq
                0x00000000100044c4       0x24 CMakeFiles/multi_spi.dir/Users/mattgardner/pico/pico-sdk/src/rp2_common/pico_stdio_usb/stdio_usb.c.obj
 .text.stdio_usb_init
                0x00000000100044e8       0x90 CMakeFiles/multi_spi.dir/Users/mattgardner/pico/pico-sdk/src/rp2_common/pico_stdio_usb/stdio_usb.c.obj
                0x00000000100044e8                stdio_usb_init
 .text.tud_descriptor_device_cb
                0x0000000010004578        0x8 CMakeFiles/multi_spi.dir/Users/mattgardner/pico/pico-sdk/src/rp2_common/pico_stdio_usb/stdio_usb_descriptors.c.obj
                0x0000000010004578                tud_descriptor_device_cb
 .text.tud_descriptor_configuration_cb
                0x0000000010004580        0x8 CMakeFiles/multi_spi.dir/Users/mattgardner/pico/pico-sdk/src/rp2_common/pico_stdio_usb/stdio_usb_descriptors.c.obj
                0x0000000010004580                tud_descriptor_configuration_cb
 .text.tud_descriptor_string_cb
                0x0000000010004588       0x74 CMakeFiles/multi_spi.dir/Users/mattgardner/pico/pico-sdk/src/rp2_common/pico_stdio_usb/stdio_usb_descriptors.c.obj
                0x0000000010004588                tud_descriptor_string_cb
 .text.dcd_rp2040_irq
                0x00000000100045fc      0x21c CMakeFiles/multi_spi.dir/Users/mattgardner/pico/pico-sdk/lib/tinyusb/src/portable/raspberrypi/rp2040/dcd_rp2040.c.obj
 .text.dcd_int_enable
                0x0000000010004818        0xc CMakeFiles/multi_spi.dir/Users/mattgardner/pico/pico-sdk/lib/tinyusb/src/portable/raspberrypi/rp2040/dcd_rp2040.c.obj
                0x0000000010004818                dcd_int_enable
 .text.dcd_set_address
                0x0000000010004824       0x14 CMakeFiles/multi_spi.dir/Users/mattgardner/pico/pico-sdk/lib/tinyusb/src/portable/raspberrypi/rp2040/dcd_rp2040.c.obj
                0x0000000010004824                dcd_set_address
 .text.dcd_connect
                0x0000000010004838       0x10 CMakeFiles/multi_spi.dir/Users/mattgardner/pico/pico-sdk/lib/tinyusb/src/portable/raspberrypi/rp2040/dcd_rp2040.c.obj
                0x0000000010004838                dcd_connect
 .text.dcd_init
                0x0000000010004848      0x144 CMakeFiles/multi_spi.dir/Users/mattgardner/pico/pico-sdk/lib/tinyusb/src/portable/raspberrypi/rp2040/dcd_rp2040.c.obj
                0x0000000010004848                dcd_init
 .text.dcd_edpt0_status_complete
                0x000000001000498c       0x1c CMakeFiles/multi_spi.dir/Users/mattgardner/pico/pico-sdk/lib/tinyusb/src/portable/raspberrypi/rp2040/dcd_rp2040.c.obj
                0x000000001000498c                dcd_edpt0_status_complete
 .text.dcd_edpt_open
                0x00000000100049a8       0xf0 CMakeFiles/multi_spi.dir/Users/mattgardner/pico/pico-sdk/lib/tinyusb/src/portable/raspberrypi/rp2040/dcd_rp2040.c.obj
                0x00000000100049a8                dcd_edpt_open
 .text.dcd_edpt_close_all
                0x0000000010004a98       0xbc CMakeFiles/multi_spi.dir/Users/mattgardner/pico/pico-sdk/lib/tinyusb/src/portable/raspberrypi/rp2040/dcd_rp2040.c.obj
                0x0000000010004a98                dcd_edpt_close_all
 .text.dcd_edpt_xfer
                0x0000000010004b54       0x24 CMakeFiles/multi_spi.dir/Users/mattgardner/pico/pico-sdk/lib/tinyusb/src/portable/raspberrypi/rp2040/dcd_rp2040.c.obj
                0x0000000010004b54                dcd_edpt_xfer
 .text.dcd_edpt_stall
                0x0000000010004b78       0x38 CMakeFiles/multi_spi.dir/Users/mattgardner/pico/pico-sdk/lib/tinyusb/src/portable/raspberrypi/rp2040/dcd_rp2040.c.obj
                0x0000000010004b78                dcd_edpt_stall
 .text.dcd_edpt_clear_stall
                0x0000000010004bb0       0x30 CMakeFiles/multi_spi.dir/Users/mattgardner/pico/pico-sdk/lib/tinyusb/src/portable/raspberrypi/rp2040/dcd_rp2040.c.obj
                0x0000000010004bb0                dcd_edpt_clear_stall
 .text._hw_endpoint_buffer_control_update32.part.0.isra.0
                0x0000000010004be0       0x1c CMakeFiles/multi_spi.dir/Users/mattgardner/pico/pico-sdk/lib/tinyusb/src/portable/raspberrypi/rp2040/rp2040_usb.c.obj
 .text.rp2040_usb_init
                0x0000000010004bfc       0x4c CMakeFiles/multi_spi.dir/Users/mattgardner/pico/pico-sdk/lib/tinyusb/src/portable/raspberrypi/rp2040/rp2040_usb.c.obj
                0x0000000010004bfc                rp2040_usb_init
 .text.hw_endpoint_reset_transfer
                0x0000000010004c48        0xc CMakeFiles/multi_spi.dir/Users/mattgardner/pico/pico-sdk/lib/tinyusb/src/portable/raspberrypi/rp2040/rp2040_usb.c.obj
                0x0000000010004c48                hw_endpoint_reset_transfer
 .text._hw_endpoint_buffer_control_update32
                0x0000000010004c54       0x44 CMakeFiles/multi_spi.dir/Users/mattgardner/pico/pico-sdk/lib/tinyusb/src/portable/raspberrypi/rp2040/rp2040_usb.c.obj
                0x0000000010004c54                _hw_endpoint_buffer_control_update32
 .text.hw_endpoint_xfer_start
                0x0000000010004c98      0x138 CMakeFiles/multi_spi.dir/Users/mattgardner/pico/pico-sdk/lib/tinyusb/src/portable/raspberrypi/rp2040/rp2040_usb.c.obj
                0x0000000010004c98                hw_endpoint_xfer_start
 .text.hw_endpoint_xfer_continue
                0x0000000010004dd0      0x1e4 CMakeFiles/multi_spi.dir/Users/mattgardner/pico/pico-sdk/lib/tinyusb/src/portable/raspberrypi/rp2040/rp2040_usb.c.obj
                0x0000000010004dd0                hw_endpoint_xfer_continue
 .text.tud_mounted
                0x0000000010004fb4       0x10 CMakeFiles/multi_spi.dir/Users/mattgardner/pico/pico-sdk/lib/tinyusb/src/device/usbd.c.obj
                0x0000000010004fb4                tud_mounted
 .text.tud_suspended
                0x0000000010004fc4       0x10 CMakeFiles/multi_spi.dir/Users/mattgardner/pico/pico-sdk/lib/tinyusb/src/device/usbd.c.obj
                0x0000000010004fc4                tud_suspended
 .text.tud_inited
                0x0000000010004fd4        0xc CMakeFiles/multi_spi.dir/Users/mattgardner/pico/pico-sdk/lib/tinyusb/src/device/usbd.c.obj
                0x0000000010004fd4                tud_inited
 .text.tud_init
                0x0000000010004fe0       0xd8 CMakeFiles/multi_spi.dir/Users/mattgardner/pico/pico-sdk/lib/tinyusb/src/device/usbd.c.obj
                0x0000000010004fe0                tud_init
 .text.tud_task
                0x00000000100050b8      0x8ec CMakeFiles/multi_spi.dir/Users/mattgardner/pico/pico-sdk/lib/tinyusb/src/device/usbd.c.obj
                0x00000000100050b8                tud_task
 .text.dcd_event_bus_signal
                0x00000000100059a4      0x120 CMakeFiles/multi_spi.dir/Users/mattgardner/pico/pico-sdk/lib/tinyusb/src/device/usbd.c.obj
                0x00000000100059a4                dcd_event_bus_signal
 .text.dcd_event_bus_reset
                0x0000000010005ac4       0x54 CMakeFiles/multi_spi.dir/Users/mattgardner/pico/pico-sdk/lib/tinyusb/src/device/usbd.c.obj
                0x0000000010005ac4                dcd_event_bus_reset
 .text.dcd_event_setup_received
                0x0000000010005b18       0x50 CMakeFiles/multi_spi.dir/Users/mattgardner/pico/pico-sdk/lib/tinyusb/src/device/usbd.c.obj
                0x0000000010005b18                dcd_event_setup_received
 .text.dcd_event_xfer_complete
                0x0000000010005b68       0x68 CMakeFiles/multi_spi.dir/Users/mattgardner/pico/pico-sdk/lib/tinyusb/src/device/usbd.c.obj
                0x0000000010005b68                dcd_event_xfer_complete
 .text.usbd_open_edpt_pair
                0x0000000010005bd0       0x80 CMakeFiles/multi_spi.dir/Users/mattgardner/pico/pico-sdk/lib/tinyusb/src/device/usbd.c.obj
                0x0000000010005bd0                usbd_open_edpt_pair
 .text.usbd_edpt_open
                0x0000000010005c50       0x30 CMakeFiles/multi_spi.dir/Users/mattgardner/pico/pico-sdk/lib/tinyusb/src/device/usbd.c.obj
                0x0000000010005c50                usbd_edpt_open
 .text.usbd_edpt_claim
                0x0000000010005c80       0x64 CMakeFiles/multi_spi.dir/Users/mattgardner/pico/pico-sdk/lib/tinyusb/src/device/usbd.c.obj
                0x0000000010005c80                usbd_edpt_claim
 .text.usbd_edpt_release
                0x0000000010005ce4       0x4c CMakeFiles/multi_spi.dir/Users/mattgardner/pico/pico-sdk/lib/tinyusb/src/device/usbd.c.obj
                0x0000000010005ce4                usbd_edpt_release
 .text.usbd_edpt_xfer
                0x0000000010005d30       0x48 CMakeFiles/multi_spi.dir/Users/mattgardner/pico/pico-sdk/lib/tinyusb/src/device/usbd.c.obj
                0x0000000010005d30                usbd_edpt_xfer
 .text.tud_control_status
                0x0000000010005d78       0x30 CMakeFiles/multi_spi.dir/Users/mattgardner/pico/pico-sdk/lib/tinyusb/src/device/usbd_control.c.obj
                0x0000000010005d78                tud_control_status
 .text.tud_control_xfer
                0x0000000010005da8       0xbc CMakeFiles/multi_spi.dir/Users/mattgardner/pico/pico-sdk/lib/tinyusb/src/device/usbd_control.c.obj
                0x0000000010005da8                tud_control_xfer
 .text.usbd_control_reset
                0x0000000010005e64       0x14 CMakeFiles/multi_spi.dir/Users/mattgardner/pico/pico-sdk/lib/tinyusb/src/device/usbd_control.c.obj
                0x0000000010005e64                usbd_control_reset
 .text.usbd_control_set_complete_callback
                0x0000000010005e78        0xc CMakeFiles/multi_spi.dir/Users/mattgardner/pico/pico-sdk/lib/tinyusb/src/device/usbd_control.c.obj
                0x0000000010005e78                usbd_control_set_complete_callback
 .text.usbd_control_set_request
                0x0000000010005e84       0x1c CMakeFiles/multi_spi.dir/Users/mattgardner/pico/pico-sdk/lib/tinyusb/src/device/usbd_control.c.obj
                0x0000000010005e84                usbd_control_set_request
 .text.usbd_control_xfer_cb
                0x0000000010005ea0       0xfc CMakeFiles/multi_spi.dir/Users/mattgardner/pico/pico-sdk/lib/tinyusb/src/device/usbd_control.c.obj
                0x0000000010005ea0                usbd_control_xfer_cb
 .text.tud_cdc_n_connected
                0x0000000010005f9c       0x30 CMakeFiles/multi_spi.dir/Users/mattgardner/pico/pico-sdk/lib/tinyusb/src/class/cdc/cdc_device.c.obj
                0x0000000010005f9c                tud_cdc_n_connected
 .text.tud_cdc_n_available
                0x0000000010005fcc       0x18 CMakeFiles/multi_spi.dir/Users/mattgardner/pico/pico-sdk/lib/tinyusb/src/class/cdc/cdc_device.c.obj
                0x0000000010005fcc                tud_cdc_n_available
 .text.tud_cdc_n_read
                0x0000000010005fe4       0x70 CMakeFiles/multi_spi.dir/Users/mattgardner/pico/pico-sdk/lib/tinyusb/src/class/cdc/cdc_device.c.obj
                0x0000000010005fe4                tud_cdc_n_read
 .text.tud_cdc_n_write_flush
                0x0000000010006054       0x78 CMakeFiles/multi_spi.dir/Users/mattgardner/pico/pico-sdk/lib/tinyusb/src/class/cdc/cdc_device.c.obj
                0x0000000010006054                tud_cdc_n_write_flush
 .text.tud_cdc_n_write
                0x00000000100060cc       0x34 CMakeFiles/multi_spi.dir/Users/mattgardner/pico/pico-sdk/lib/tinyusb/src/class/cdc/cdc_device.c.obj
                0x00000000100060cc                tud_cdc_n_write
 .text.tud_cdc_n_write_available
                0x0000000010006100       0x18 CMakeFiles/multi_spi.dir/Users/mattgardner/pico/pico-sdk/lib/tinyusb/src/class/cdc/cdc_device.c.obj
                0x0000000010006100                tud_cdc_n_write_available
 .text.cdcd_init
                0x0000000010006118       0x7c CMakeFiles/multi_spi.dir/Users/mattgardner/pico/pico-sdk/lib/tinyusb/src/class/cdc/cdc_device.c.obj
                0x0000000010006118                cdcd_init
 .text.cdcd_reset
                0x0000000010006194       0x2c CMakeFiles/multi_spi.dir/Users/mattgardner/pico/pico-sdk/lib/tinyusb/src/class/cdc/cdc_device.c.obj
                0x0000000010006194                cdcd_reset
 .text.cdcd_open
                0x00000000100061c0       0xe4 CMakeFiles/multi_spi.dir/Users/mattgardner/pico/pico-sdk/lib/tinyusb/src/class/cdc/cdc_device.c.obj
                0x00000000100061c0                cdcd_open
 .text.cdcd_control_xfer_cb
                0x00000000100062a4       0xe4 CMakeFiles/multi_spi.dir/Users/mattgardner/pico/pico-sdk/lib/tinyusb/src/class/cdc/cdc_device.c.obj
                0x00000000100062a4                cdcd_control_xfer_cb
 .text.cdcd_xfer_cb
                0x0000000010006388      0x148 CMakeFiles/multi_spi.dir/Users/mattgardner/pico/pico-sdk/lib/tinyusb/src/class/cdc/cdc_device.c.obj
                0x0000000010006388                cdcd_xfer_cb
 .text.tusb_init
                0x00000000100064d0        0xc CMakeFiles/multi_spi.dir/Users/mattgardner/pico/pico-sdk/lib/tinyusb/src/tusb.c.obj
                0x00000000100064d0                tusb_init
 .text.tusb_inited
                0x00000000100064dc        0x8 CMakeFiles/multi_spi.dir/Users/mattgardner/pico/pico-sdk/lib/tinyusb/src/tusb.c.obj
                0x00000000100064dc                tusb_inited
 .text.tu_edpt_validate
                0x00000000100064e4       0x78 CMakeFiles/multi_spi.dir/Users/mattgardner/pico/pico-sdk/lib/tinyusb/src/tusb.c.obj
                0x00000000100064e4                tu_edpt_validate
 .text.tu_edpt_bind_driver
                0x000000001000655c       0x2c CMakeFiles/multi_spi.dir/Users/mattgardner/pico/pico-sdk/lib/tinyusb/src/tusb.c.obj
                0x000000001000655c                tu_edpt_bind_driver
 .text.tu_fifo_config
                0x0000000010006588       0x78 CMakeFiles/multi_spi.dir/Users/mattgardner/pico/pico-sdk/lib/tinyusb/src/common/tusb_fifo.c.obj
                0x0000000010006588                tu_fifo_config
 .text.tu_fifo_count
                0x0000000010006600       0x20 CMakeFiles/multi_spi.dir/Users/mattgardner/pico/pico-sdk/lib/tinyusb/src/common/tusb_fifo.c.obj
                0x0000000010006600                tu_fifo_count
 .text.tu_fifo_empty
                0x0000000010006620       0x10 CMakeFiles/multi_spi.dir/Users/mattgardner/pico/pico-sdk/lib/tinyusb/src/common/tusb_fifo.c.obj
                0x0000000010006620                tu_fifo_empty
 .text.tu_fifo_remaining
                0x0000000010006630       0x1c CMakeFiles/multi_spi.dir/Users/mattgardner/pico/pico-sdk/lib/tinyusb/src/common/tusb_fifo.c.obj
                0x0000000010006630                tu_fifo_remaining
 .text.tu_fifo_read
                0x000000001000664c       0x9c CMakeFiles/multi_spi.dir/Users/mattgardner/pico/pico-sdk/lib/tinyusb/src/common/tusb_fifo.c.obj
                0x000000001000664c                tu_fifo_read
 .text.tu_fifo_read_n
                0x00000000100066e8      0x100 CMakeFiles/multi_spi.dir/Users/mattgardner/pico/pico-sdk/lib/tinyusb/src/common/tusb_fifo.c.obj
                0x00000000100066e8                tu_fifo_read_n
 .text.tu_fifo_write
                0x00000000100067e8       0x7c CMakeFiles/multi_spi.dir/Users/mattgardner/pico/pico-sdk/lib/tinyusb/src/common/tusb_fifo.c.obj
                0x00000000100067e8                tu_fifo_write
 .text.tu_fifo_write_n
                0x0000000010006864      0x100 CMakeFiles/multi_spi.dir/Users/mattgardner/pico/pico-sdk/lib/tinyusb/src/common/tusb_fifo.c.obj
                0x0000000010006864                tu_fifo_write_n
 .text.tu_fifo_clear
                0x0000000010006964       0x4c CMakeFiles/multi_spi.dir/Users/mattgardner/pico/pico-sdk/lib/tinyusb/src/common/tusb_fifo.c.obj
                0x0000000010006964                tu_fifo_clear
 .text.tu_fifo_set_overwritable
                0x00000000100069b0       0x3c CMakeFiles/multi_spi.dir/Users/mattgardner/pico/pico-sdk/lib/tinyusb/src/common/tusb_fifo.c.obj
                0x00000000100069b0                tu_fifo_set_overwritable
 .text.startup._retrieve_unique_id_on_boot
                0x00000000100069ec       0x10 CMakeFiles/multi_spi.dir/Users/mattgardner/pico/pico-sdk/src/rp2_common/pico_unique_id/unique_id.c.obj
 .text.pico_get_unique_board_id_string
                0x00000000100069fc      0x1a8 CMakeFiles/multi_spi.dir/Users/mattgardner/pico/pico-sdk/src/rp2_common/pico_unique_id/unique_id.c.obj
                0x00000000100069fc                pico_get_unique_board_id_string
 .text.flash_get_unique_id
                0x0000000010006ba4       0x40 CMakeFiles/multi_spi.dir/Users/mattgardner/pico/pico-sdk/src/rp2_common/hardware_flash/flash.c.obj
                0x0000000010006ba4                flash_get_unique_id
 .text.spi_init
                0x0000000010006be4       0xf8 CMakeFiles/multi_spi.dir/Users/mattgardner/pico/pico-sdk/src/rp2_common/hardware_spi/spi.c.obj
                0x0000000010006be4                spi_init
 .text._ZN12pico_ssd13067SSD13068setPixelEssNS_9WriteModeE
                0x0000000010006cdc       0x94 pico-ssd1306/libpico_ssd1306.a(ssd1306.cpp.obj)
                0x0000000010006cdc                pico_ssd1306::SSD1306::setPixel(short, short, pico_ssd1306::WriteMode)
 .text._ZN12pico_ssd13067SSD130610sendBufferEv
                0x0000000010006d70       0xb8 pico-ssd1306/libpico_ssd1306.a(ssd1306.cpp.obj)
                0x0000000010006d70                pico_ssd1306::SSD1306::sendBuffer()
 .text._ZN12pico_ssd13067SSD1306C2EP8i2c_insttNS_4SizeE
                0x0000000010006e28       0x98 pico-ssd1306/libpico_ssd1306.a(ssd1306.cpp.obj)
                0x0000000010006e28                pico_ssd1306::SSD1306::SSD1306(i2c_inst*, unsigned short, pico_ssd1306::Size)
                0x0000000010006e28                pico_ssd1306::SSD1306::SSD1306(i2c_inst*, unsigned short, pico_ssd1306::Size)
 .text._ZN12pico_ssd13067SSD130614setOrientationEb
                0x0000000010006ec0       0x68 pico-ssd1306/libpico_ssd1306.a(ssd1306.cpp.obj)
                0x0000000010006ec0                pico_ssd1306::SSD1306::setOrientation(bool)
 .text._ZN11FrameBufferC2Ev
                0x0000000010006f28       0x14 pico-ssd1306/libpico_ssd1306.a(FrameBuffer.cpp.obj)
                0x0000000010006f28                FrameBuffer::FrameBuffer()
                0x0000000010006f28                FrameBuffer::FrameBuffer()
 .text._ZN11FrameBuffer6byteOREih
                0x0000000010006f3c       0x14 pico-ssd1306/libpico_ssd1306.a(FrameBuffer.cpp.obj)
                0x0000000010006f3c                FrameBuffer::byteOR(int, unsigned char)
 .text._ZN11FrameBuffer7byteANDEih
                0x0000000010006f50       0x14 pico-ssd1306/libpico_ssd1306.a(FrameBuffer.cpp.obj)
                0x0000000010006f50                FrameBuffer::byteAND(int, unsigned char)
 .text._ZN11FrameBuffer7byteXOREih
                0x0000000010006f64       0x14 pico-ssd1306/libpico_ssd1306.a(FrameBuffer.cpp.obj)
                0x0000000010006f64                FrameBuffer::byteXOR(int, unsigned char)
 .text._ZN11FrameBuffer5clearEv
                0x0000000010006f78       0x10 pico-ssd1306/libpico_ssd1306.a(FrameBuffer.cpp.obj)
                0x0000000010006f78                FrameBuffer::clear()
 .text._ZN11FrameBuffer3getEv
                0x0000000010006f88        0x4 pico-ssd1306/libpico_ssd1306.a(FrameBuffer.cpp.obj)
                0x0000000010006f88                FrameBuffer::get()
 .text._ZN12pico_ssd13068drawCharEPNS_7SSD1306EPKhchhNS_9WriteModeENS_8RotationE.part.0
                0x0000000010006f8c       0xe8 pico-ssd1306/libpico_ssd1306.a(TextRenderer.cpp.obj)
 .text._ZN12pico_ssd13068drawTextEPNS_7SSD1306EPKhPKchhNS_9WriteModeENS_8RotationE
                0x0000000010007074       0xb0 pico-ssd1306/libpico_ssd1306.a(TextRenderer.cpp.obj)
                0x0000000010007074                pico_ssd1306::drawText(pico_ssd1306::SSD1306*, unsigned char const*, char const*, unsigned char, unsigned char, pico_ssd1306::WriteMode, pico_ssd1306::Rotation)
 .text.malloc   0x0000000010007124       0x14 /usr/local/Cellar/arm-none-eabi-gcc/10.3-2021.07/gcc/bin/../lib/gcc/arm-none-eabi/10.3.1/../../../../arm-none-eabi/lib/thumb/v6-m/nofp/libc.a(lib_a-malloc.o)
                0x0000000010007124                malloc
 .text._malloc_r
                0x0000000010007138      0x584 /usr/local/Cellar/arm-none-eabi-gcc/10.3-2021.07/gcc/bin/../lib/gcc/arm-none-eabi/10.3.1/../../../../arm-none-eabi/lib/thumb/v6-m/nofp/libc.a(lib_a-mallocr.o)
                0x0000000010007138                _malloc_r
 .text.__malloc_lock
                0x00000000100076bc       0x10 /usr/local/Cellar/arm-none-eabi-gcc/10.3-2021.07/gcc/bin/../lib/gcc/arm-none-eabi/10.3.1/../../../../arm-none-eabi/lib/thumb/v6-m/nofp/libc.a(lib_a-mlock.o)
                0x00000000100076bc                __malloc_lock
 .text.__malloc_unlock
                0x00000000100076cc       0x10 /usr/local/Cellar/arm-none-eabi-gcc/10.3-2021.07/gcc/bin/../lib/gcc/arm-none-eabi/10.3.1/../../../../arm-none-eabi/lib/thumb/v6-m/nofp/libc.a(lib_a-mlock.o)
                0x00000000100076cc                __malloc_unlock
 .text._sbrk_r  0x00000000100076dc       0x24 /usr/local/Cellar/arm-none-eabi-gcc/10.3-2021.07/gcc/bin/../lib/gcc/arm-none-eabi/10.3.1/../../../../arm-none-eabi/lib/thumb/v6-m/nofp/libc.a(lib_a-sbrkr.o)
                0x00000000100076dc                _sbrk_r
 .text.strcpy   0x0000000010007700       0x10 /usr/local/Cellar/arm-none-eabi-gcc/10.3-2021.07/gcc/bin/../lib/gcc/arm-none-eabi/10.3.1/../../../../arm-none-eabi/lib/thumb/v6-m/nofp/libc.a(lib_a-strcpy.o)
                0x0000000010007700                strcpy
 .text.strlen   0x0000000010007710       0x5c /usr/local/Cellar/arm-none-eabi-gcc/10.3-2021.07/gcc/bin/../lib/gcc/arm-none-eabi/10.3.1/../../../../arm-none-eabi/lib/thumb/v6-m/nofp/libc.a(lib_a-strlen-stub.o)
                0x0000000010007710                strlen
 .text._malloc_trim_r
                0x000000001000776c       0x9c /usr/local/Cellar/arm-none-eabi-gcc/10.3-2021.07/gcc/bin/../lib/gcc/arm-none-eabi/10.3.1/../../../../arm-none-eabi/lib/thumb/v6-m/nofp/libc.a(lib_a-freer.o)
                0x000000001000776c                _malloc_trim_r
 .text._free_r  0x0000000010007808      0x1c4 /usr/local/Cellar/arm-none-eabi-gcc/10.3-2021.07/gcc/bin/../lib/gcc/arm-none-eabi/10.3.1/../../../../arm-none-eabi/lib/thumb/v6-m/nofp/libc.a(lib_a-freer.o)
                0x0000000010007808                _free_r
 .text.__retarget_lock_acquire_recursive
                0x00000000100079cc        0x4 /usr/local/Cellar/arm-none-eabi-gcc/10.3-2021.07/gcc/bin/../lib/gcc/arm-none-eabi/10.3.1/../../../../arm-none-eabi/lib/thumb/v6-m/nofp/libc.a(lib_a-lock.o)
                0x00000000100079cc                __retarget_lock_acquire_recursive
 .text.__retarget_lock_release_recursive
                0x00000000100079d0        0x4 /usr/local/Cellar/arm-none-eabi-gcc/10.3-2021.07/gcc/bin/../lib/gcc/arm-none-eabi/10.3.1/../../../../arm-none-eabi/lib/thumb/v6-m/nofp/libc.a(lib_a-lock.o)
                0x00000000100079d0                __retarget_lock_release_recursive
 *(.fini)
 .fini          0x00000000100079d4        0x4 /usr/local/Cellar/arm-none-eabi-gcc/10.3-2021.07/gcc/bin/../lib/gcc/arm-none-eabi/10.3.1/thumb/v6-m/nofp/crti.o
                0x00000000100079d4                _fini
 .fini.__stub   0x00000000100079d8       0x80 linker stubs
 *crtbegin.o(.ctors)
 *crtbegin?.o(.ctors)
 *(EXCLUDE_FILE(*crtend.o *crtend?.o) .ctors)
 *(SORT_BY_NAME(.ctors.*))
 *(.ctors)
 *crtbegin.o(.dtors)
 *crtbegin?.o(.dtors)
 *(EXCLUDE_FILE(*crtend.o *crtend?.o) .dtors)
 *(SORT_BY_NAME(.dtors.*))
 *(.dtors)
 *(.eh_frame*)
 .eh_frame      0x0000000010007a58        0x0 /usr/local/Cellar/arm-none-eabi-gcc/10.3-2021.07/gcc/bin/../lib/gcc/arm-none-eabi/10.3.1/thumb/v6-m/nofp/crtbegin.o
                0x0000000010007a58                . = ALIGN (0x4)

.glue_7         0x0000000010007a58        0x0
 .glue_7        0x0000000010007a58        0x0 linker stubs

.glue_7t        0x0000000010007a58        0x0
 .glue_7t       0x0000000010007a58        0x0 linker stubs

.vfp11_veneer   0x0000000010007a58        0x0
 .vfp11_veneer  0x0000000010007a58        0x0 linker stubs

.v4_bx          0x0000000010007a58        0x0
 .v4_bx         0x0000000010007a58        0x0 linker stubs

.iplt           0x0000000010007a58        0x0
 .iplt          0x0000000010007a58        0x0 /usr/local/Cellar/arm-none-eabi-gcc/10.3-2021.07/gcc/bin/../lib/gcc/arm-none-eabi/10.3.1/thumb/v6-m/nofp/crtbegin.o

.rodata         0x0000000010007a58      0xed0
 *(EXCLUDE_FILE(*libm.a: *libc.a:*lib_a-mem*.o *libgcc.a:) .rodata*)
 .rodata.main.str1.4
                0x0000000010007a58       0x87 CMakeFiles/multi_spi.dir/main.cpp.obj
 *fill*         0x0000000010007adf        0x1 
 .rodata._ZL10font_12x16
                0x0000000010007ae0      0x8ea CMakeFiles/multi_spi.dir/main.cpp.obj
 *fill*         0x00000000100083ca        0x2 
 .rodata.spin_lock_claim_unused.str1.4
                0x00000000100083cc       0x1b CMakeFiles/multi_spi.dir/Users/mattgardner/pico/pico-sdk/src/rp2_common/hardware_sync/sync.c.obj
 *fill*         0x00000000100083e7        0x1 
 .rodata.hardware_alarm_claim.str1.4
                0x00000000100083e8       0x22 CMakeFiles/multi_spi.dir/Users/mattgardner/pico/pico-sdk/src/rp2_common/hardware_timer/timer.c.obj
 *fill*         0x000000001000840a        0x2 
 .rodata.panic.str1.4
                0x000000001000840c       0x12 CMakeFiles/multi_spi.dir/Users/mattgardner/pico/pico-sdk/src/rp2_common/pico_runtime/runtime.c.obj
 *fill*         0x000000001000841e        0x2 
 .rodata.hard_assertion_failure.str1.4
                0x0000000010008420        0xc CMakeFiles/multi_spi.dir/Users/mattgardner/pico/pico-sdk/src/rp2_common/pico_runtime/runtime.c.obj
 .rodata._ftoa.str1.4
                0x000000001000842c       0x15 CMakeFiles/multi_spi.dir/Users/mattgardner/pico/pico-sdk/src/rp2_common/pico_printf/printf.c.obj
 *fill*         0x0000000010008441        0x3 
 .rodata._vsnprintf
                0x0000000010008444      0x1e0 CMakeFiles/multi_spi.dir/Users/mattgardner/pico/pico-sdk/src/rp2_common/pico_printf/printf.c.obj
 *fill*         0x0000000010008624        0x4 
 .rodata.pow10.0
                0x0000000010008628       0x50 CMakeFiles/multi_spi.dir/Users/mattgardner/pico/pico-sdk/src/rp2_common/pico_printf/printf.c.obj
 .rodata.missing_double_func_shim.str1.4
                0x0000000010008678       0x18 CMakeFiles/multi_spi.dir/Users/mattgardner/pico/pico-sdk/src/rp2_common/pico_double/double_init_rom.c.obj
 .rodata.missing_float_func_shim.str1.4
                0x0000000010008690       0x18 CMakeFiles/multi_spi.dir/Users/mattgardner/pico/pico-sdk/src/rp2_common/pico_float/float_init_rom.c.obj
                                          0x1 (size before relaxing)
 .rodata.__wrap_malloc.str1.4
                0x0000000010008690        0xe CMakeFiles/multi_spi.dir/Users/mattgardner/pico/pico-sdk/src/rp2_common/pico_malloc/pico_malloc.c.obj
 *fill*         0x000000001000869e        0x2 
 .rodata.str1.4
                0x00000000100086a0       0x54 CMakeFiles/multi_spi.dir/Users/mattgardner/pico/pico-sdk/src/rp2_common/pico_standard_link/binary_info.c.obj
 .rodata.__bi_44
                0x00000000100086f4        0xc CMakeFiles/multi_spi.dir/Users/mattgardner/pico/pico-sdk/src/rp2_common/pico_standard_link/binary_info.c.obj
 .rodata.__bi_75
                0x0000000010008700        0xc CMakeFiles/multi_spi.dir/Users/mattgardner/pico/pico-sdk/src/rp2_common/pico_standard_link/binary_info.c.obj
 .rodata.__bi_81
                0x000000001000870c        0xc CMakeFiles/multi_spi.dir/Users/mattgardner/pico/pico-sdk/src/rp2_common/pico_standard_link/binary_info.c.obj
 .rodata.crlf_str.0
                0x0000000010008718        0x2 CMakeFiles/multi_spi.dir/Users/mattgardner/pico/pico-sdk/src/rp2_common/pico_stdio/stdio.c.obj
 *fill*         0x000000001000871a        0x2 
 .rodata._resetd_driver
                0x000000001000871c       0x18 CMakeFiles/multi_spi.dir/Users/mattgardner/pico/pico-sdk/src/rp2_common/pico_stdio_usb/reset_interface.c.obj
 .rodata.str1.4
                0x0000000010008734       0x13 CMakeFiles/multi_spi.dir/Users/mattgardner/pico/pico-sdk/src/rp2_common/pico_stdio_usb/stdio_usb.c.obj
 *fill*         0x0000000010008747        0x1 
 .rodata.__bi_93.0
                0x0000000010008748        0xc CMakeFiles/multi_spi.dir/Users/mattgardner/pico/pico-sdk/src/rp2_common/pico_stdio_usb/stdio_usb.c.obj
 .rodata.str1.4
                0x0000000010008754       0x2a CMakeFiles/multi_spi.dir/Users/mattgardner/pico/pico-sdk/src/rp2_common/pico_stdio_usb/stdio_usb_descriptors.c.obj
 *fill*         0x000000001000877e        0x2 
 .rodata.usbd_desc_cfg
                0x0000000010008780       0x54 CMakeFiles/multi_spi.dir/Users/mattgardner/pico/pico-sdk/src/rp2_common/pico_stdio_usb/stdio_usb_descriptors.c.obj
 .rodata.usbd_desc_device
                0x00000000100087d4       0x12 CMakeFiles/multi_spi.dir/Users/mattgardner/pico/pico-sdk/src/rp2_common/pico_stdio_usb/stdio_usb_descriptors.c.obj
 *fill*         0x00000000100087e6        0x2 
 .rodata.usbd_desc_str
                0x00000000100087e8       0x18 CMakeFiles/multi_spi.dir/Users/mattgardner/pico/pico-sdk/src/rp2_common/pico_stdio_usb/stdio_usb_descriptors.c.obj
 .rodata.dcd_rp2040_irq.str1.4
                0x0000000010008800       0x14 CMakeFiles/multi_spi.dir/Users/mattgardner/pico/pico-sdk/lib/tinyusb/src/portable/raspberrypi/rp2040/dcd_rp2040.c.obj
 .rodata._hw_endpoint_buffer_control_update32.part.0.isra.0.str1.4
                0x0000000010008814       0x1f CMakeFiles/multi_spi.dir/Users/mattgardner/pico/pico-sdk/lib/tinyusb/src/portable/raspberrypi/rp2040/rp2040_usb.c.obj
 *fill*         0x0000000010008833        0x1 
 .rodata.hw_endpoint_xfer_continue.str1.4
                0x0000000010008834       0x29 CMakeFiles/multi_spi.dir/Users/mattgardner/pico/pico-sdk/lib/tinyusb/src/portable/raspberrypi/rp2040/rp2040_usb.c.obj
 *fill*         0x000000001000885d        0x3 
 .rodata.str1.4
                0x0000000010008860        0x7 CMakeFiles/multi_spi.dir/Users/mattgardner/pico/pico-sdk/lib/tinyusb/src/portable/raspberrypi/rp2040/rp2040_usb.c.obj
 *fill*         0x0000000010008867        0x1 
 .rodata.tud_task
                0x0000000010008868       0x8c CMakeFiles/multi_spi.dir/Users/mattgardner/pico/pico-sdk/lib/tinyusb/src/device/usbd.c.obj
 .rodata._usbd_driver
                0x00000000100088f4       0x18 CMakeFiles/multi_spi.dir/Users/mattgardner/pico/pico-sdk/lib/tinyusb/src/device/usbd.c.obj
 .rodata        0x000000001000890c       0x19 pico-ssd1306/libpico_ssd1306.a(ssd1306.cpp.obj)
                0x0000000010008928                . = ALIGN (0x4)
 *fill*         0x0000000010008925        0x3 
 *(SORT_BY_ALIGNMENT(SORT_BY_NAME(.flashdata*)))
                0x0000000010008928                . = ALIGN (0x4)

.rel.dyn        0x0000000010008928        0x0
 .rel.iplt      0x0000000010008928        0x0 /usr/local/Cellar/arm-none-eabi-gcc/10.3-2021.07/gcc/bin/../lib/gcc/arm-none-eabi/10.3.1/thumb/v6-m/nofp/crtbegin.o

.ARM.extab
 *(.ARM.extab* .gnu.linkonce.armextab.*)
                0x0000000010008928                __exidx_start = .

.ARM.exidx
 *(.ARM.exidx* .gnu.linkonce.armexidx.*)
                0x0000000010008928                __exidx_end = .
                0x0000000010008928                . = ALIGN (0x4)
                0x0000000010008928                __binary_info_start = .

.binary_info    0x0000000010008928       0x20
 *(.binary_info.keep.*)
 .binary_info.keep.__bi_ptr22
                0x0000000010008928        0x4 CMakeFiles/multi_spi.dir/Users/mattgardner/pico/pico-sdk/src/rp2_common/pico_standard_link/binary_info.c.obj
 .binary_info.keep.__bi_ptr30
                0x000000001000892c        0x4 CMakeFiles/multi_spi.dir/Users/mattgardner/pico/pico-sdk/src/rp2_common/pico_standard_link/binary_info.c.obj
 .binary_info.keep.__bi_ptr38
                0x0000000010008930        0x4 CMakeFiles/multi_spi.dir/Users/mattgardner/pico/pico-sdk/src/rp2_common/pico_standard_link/binary_info.c.obj
 .binary_info.keep.__bi_ptr44
                0x0000000010008934        0x4 CMakeFiles/multi_spi.dir/Users/mattgardner/pico/pico-sdk/src/rp2_common/pico_standard_link/binary_info.c.obj
 .binary_info.keep.__bi_ptr50
                0x0000000010008938        0x4 CMakeFiles/multi_spi.dir/Users/mattgardner/pico/pico-sdk/src/rp2_common/pico_standard_link/binary_info.c.obj
 .binary_info.keep.__bi_ptr75
                0x000000001000893c        0x4 CMakeFiles/multi_spi.dir/Users/mattgardner/pico/pico-sdk/src/rp2_common/pico_standard_link/binary_info.c.obj
 .binary_info.keep.__bi_ptr81
                0x0000000010008940        0x4 CMakeFiles/multi_spi.dir/Users/mattgardner/pico/pico-sdk/src/rp2_common/pico_standard_link/binary_info.c.obj
 *(.binary_info.*)
 .binary_info.__bi_ptr93
                0x0000000010008944        0x4 CMakeFiles/multi_spi.dir/Users/mattgardner/pico/pico-sdk/src/rp2_common/pico_stdio_usb/stdio_usb.c.obj
                0x0000000010008948                __binary_info_end = .
                0x0000000010008948                . = ALIGN (0x4)
                0x0000000010008948                __etext = .

.ram_vector_table
                0x0000000020000000       0xc0
 *(.ram_vector_table)
 .ram_vector_table
                0x0000000020000000       0xc0 CMakeFiles/multi_spi.dir/Users/mattgardner/pico/pico-sdk/src/rp2_common/pico_runtime/runtime.c.obj
                0x0000000020000000                ram_vector_table

.data           0x00000000200000c0      0xc90 load address 0x0000000010008948
                0x00000000200000c0                __data_start__ = .
 *(vtable)
 *(.time_critical*)
 .time_critical.mutex_enter_blocking
                0x00000000200000c0       0x48 CMakeFiles/multi_spi.dir/Users/mattgardner/pico/pico-sdk/src/common/pico_sync/mutex.c.obj
                0x00000000200000c0                mutex_enter_blocking
 .time_critical.mutex_try_enter
                0x0000000020000108       0x44 CMakeFiles/multi_spi.dir/Users/mattgardner/pico/pico-sdk/src/common/pico_sync/mutex.c.obj
                0x0000000020000108                mutex_try_enter
 .time_critical.mutex_enter_timeout_ms
                0x000000002000014c       0xa0 CMakeFiles/multi_spi.dir/Users/mattgardner/pico/pico-sdk/src/common/pico_sync/mutex.c.obj
                0x000000002000014c                mutex_enter_timeout_ms
 .time_critical.mutex_exit
                0x00000000200001ec       0x28 CMakeFiles/multi_spi.dir/Users/mattgardner/pico/pico-sdk/src/common/pico_sync/mutex.c.obj
                0x00000000200001ec                mutex_exit
 .time_critical.flash_init_boot2_copyout
                0x0000000020000214       0x30 CMakeFiles/multi_spi.dir/Users/mattgardner/pico/pico-sdk/src/rp2_common/hardware_flash/flash.c.obj
 .time_critical.flash_enable_xip_via_boot2
                0x0000000020000244       0x10 CMakeFiles/multi_spi.dir/Users/mattgardner/pico/pico-sdk/src/rp2_common/hardware_flash/flash.c.obj
 .time_critical.flash_cs_force
                0x0000000020000254       0x38 CMakeFiles/multi_spi.dir/Users/mattgardner/pico/pico-sdk/src/rp2_common/hardware_flash/flash.c.obj
 .time_critical.flash_do_cmd
                0x000000002000028c       0xc4 CMakeFiles/multi_spi.dir/Users/mattgardner/pico/pico-sdk/src/rp2_common/hardware_flash/flash.c.obj
                0x000000002000028c                flash_do_cmd
 .time_critical.spi_read_blocking
                0x0000000020000350       0x74 CMakeFiles/multi_spi.dir/Users/mattgardner/pico/pico-sdk/src/rp2_common/hardware_spi/spi.c.obj
                0x0000000020000350                spi_read_blocking
 *(.text*)
 .text          0x00000000200003c4        0x4 /usr/local/Cellar/arm-none-eabi-gcc/10.3-2021.07/gcc/bin/../lib/gcc/arm-none-eabi/10.3.1/thumb/v6-m/nofp/libgcc.a(_dvmd_tls.o)
                0x00000000200003c4                __aeabi_ldiv0
                0x00000000200003c4                __aeabi_idiv0
 .text.__stub   0x00000000200003c8       0x30 linker stubs
                0x00000000200003f8                . = ALIGN (0x4)
 *(.rodata*)
                0x00000000200003f8                . = ALIGN (0x4)
 *(.data*)
 .data.input    0x00000000200003f8        0x8 CMakeFiles/multi_spi.dir/main.cpp.obj
                0x00000000200003f8                input
 .data.textBuffer
                0x0000000020000400        0x8 CMakeFiles/multi_spi.dir/main.cpp.obj
                0x0000000020000400                textBuffer
 .data.i2c0_inst
                0x0000000020000408        0x8 CMakeFiles/multi_spi.dir/Users/mattgardner/pico/pico-sdk/src/rp2_common/hardware_i2c/i2c.c.obj
                0x0000000020000408                i2c0_inst
 .data.i2c1_inst
                0x0000000020000410        0x8 CMakeFiles/multi_spi.dir/Users/mattgardner/pico/pico-sdk/src/rp2_common/hardware_i2c/i2c.c.obj
                0x0000000020000410                i2c1_inst
 .data.striped_spin_lock_num
                0x0000000020000418        0x1 CMakeFiles/multi_spi.dir/Users/mattgardner/pico/pico-sdk/src/rp2_common/hardware_sync/sync.c.obj
 *fill*         0x0000000020000419        0x3 
 .data.default_alarm_pool
                0x000000002000041c       0x18 CMakeFiles/multi_spi.dir/Users/mattgardner/pico/pico-sdk/src/common/pico_time/time.c.obj
 .data.default_alarm_pool_heap
                0x0000000020000434       0x10 CMakeFiles/multi_spi.dir/Users/mattgardner/pico/pico-sdk/src/common/pico_time/time.c.obj
 .data          0x0000000020000444       0x48 CMakeFiles/multi_spi.dir/Users/mattgardner/pico/pico-sdk/src/rp2_common/hardware_irq/irq_handler_chain.S.obj
                0x0000000020000444                irq_handler_chain_slots
                0x0000000020000474                irq_handler_chain_first_slot
                0x000000002000047e                irq_handler_chain_remove_tail
 *fill*         0x000000002000048c        0x4 
 .data.aeabi_bits_funcs
                0x0000000020000490       0x10 CMakeFiles/multi_spi.dir/Users/mattgardner/pico/pico-sdk/src/rp2_common/pico_bit_ops/bit_ops_aeabi.S.obj
                0x0000000020000490                aeabi_bits_funcs
                0x00000000200004a0                aeabi_bits_funcs_end
 .data.aeabi_mem_funcs
                0x00000000200004a0       0x10 CMakeFiles/multi_spi.dir/Users/mattgardner/pico/pico-sdk/src/rp2_common/pico_mem_ops/mem_ops_aeabi.S.obj
                0x00000000200004a0                aeabi_mem_funcs
                0x00000000200004b0                aeabi_mem_funcs_end
 .data.stdio_usb
                0x00000000200004b0       0x14 CMakeFiles/multi_spi.dir/Users/mattgardner/pico/pico-sdk/src/rp2_common/pico_stdio_usb/stdio_usb.c.obj
                0x00000000200004b0                stdio_usb
 .data.ep_dir_string
                0x00000000200004c4        0x8 CMakeFiles/multi_spi.dir/Users/mattgardner/pico/pico-sdk/lib/tinyusb/src/portable/raspberrypi/rp2040/rp2040_usb.c.obj
                0x00000000200004c4                ep_dir_string
 .data._usbd_qdef
                0x00000000200004cc       0x24 CMakeFiles/multi_spi.dir/Users/mattgardner/pico/pico-sdk/lib/tinyusb/src/device/usbd.c.obj
                0x00000000200004cc                _usbd_qdef
 .data._impure_ptr
                0x00000000200004f0        0x4 /usr/local/Cellar/arm-none-eabi-gcc/10.3-2021.07/gcc/bin/../lib/gcc/arm-none-eabi/10.3.1/../../../../arm-none-eabi/lib/thumb/v6-m/nofp/libc.a(lib_a-impure.o)
                0x00000000200004f0                _impure_ptr
 *fill*         0x00000000200004f4        0x4 
 .data.impure_data
                0x00000000200004f8      0x428 /usr/local/Cellar/arm-none-eabi-gcc/10.3-2021.07/gcc/bin/../lib/gcc/arm-none-eabi/10.3.1/../../../../arm-none-eabi/lib/thumb/v6-m/nofp/libc.a(lib_a-impure.o)
 .data.__malloc_av_
                0x0000000020000920      0x408 /usr/local/Cellar/arm-none-eabi-gcc/10.3-2021.07/gcc/bin/../lib/gcc/arm-none-eabi/10.3.1/../../../../arm-none-eabi/lib/thumb/v6-m/nofp/libc.a(lib_a-mallocr.o)
                0x0000000020000920                __malloc_av_
 .data.__malloc_sbrk_base
                0x0000000020000d28        0x4 /usr/local/Cellar/arm-none-eabi-gcc/10.3-2021.07/gcc/bin/../lib/gcc/arm-none-eabi/10.3.1/../../../../arm-none-eabi/lib/thumb/v6-m/nofp/libc.a(lib_a-mallocr.o)
                0x0000000020000d28                __malloc_sbrk_base
 .data.__malloc_trim_threshold
                0x0000000020000d2c        0x4 /usr/local/Cellar/arm-none-eabi-gcc/10.3-2021.07/gcc/bin/../lib/gcc/arm-none-eabi/10.3.1/../../../../arm-none-eabi/lib/thumb/v6-m/nofp/libc.a(lib_a-mallocr.o)
                0x0000000020000d2c                __malloc_trim_threshold
                0x0000000020000d30                . = ALIGN (0x4)
 *(.after_data.*)
                0x0000000020000d30                . = ALIGN (0x4)
                0x0000000020000d30                PROVIDE (__mutex_array_start = .)
 *(SORT_BY_NAME(.mutex_array.*))
 *(.mutex_array)
 .mutex_array   0x0000000020000d30        0x8 CMakeFiles/multi_spi.dir/Users/mattgardner/pico/pico-sdk/src/rp2_common/pico_stdio/stdio.c.obj
                0x0000000020000d38                PROVIDE (__mutex_array_end = .)
                0x0000000020000d38                . = ALIGN (0x4)
                0x0000000020000d38                PROVIDE (__preinit_array_start = .)
 *(SORT_BY_NAME(.preinit_array.*))
 .preinit_array.00001
                0x0000000020000d38        0x4 CMakeFiles/multi_spi.dir/Users/mattgardner/pico/pico-sdk/src/rp2_common/pico_mem_ops/mem_ops_aeabi.S.obj
 .preinit_array.00010
                0x0000000020000d3c        0x4 CMakeFiles/multi_spi.dir/Users/mattgardner/pico/pico-sdk/src/rp2_common/pico_bit_ops/bit_ops_aeabi.S.obj
 .preinit_array.00020
                0x0000000020000d40        0x4 CMakeFiles/multi_spi.dir/Users/mattgardner/pico/pico-sdk/src/rp2_common/pico_double/double_aeabi.S.obj
 .preinit_array.00020
                0x0000000020000d44        0x4 CMakeFiles/multi_spi.dir/Users/mattgardner/pico/pico-sdk/src/rp2_common/pico_float/float_aeabi.S.obj
 *(.preinit_array)
                0x0000000020000d48                PROVIDE (__preinit_array_end = .)
                0x0000000020000d48                . = ALIGN (0x4)
                0x0000000020000d48                PROVIDE (__init_array_start = .)
 *(SORT_BY_NAME(.init_array.*))
 *(.init_array)
 .init_array    0x0000000020000d48        0x4 /usr/local/Cellar/arm-none-eabi-gcc/10.3-2021.07/gcc/bin/../lib/gcc/arm-none-eabi/10.3.1/thumb/v6-m/nofp/crtbegin.o
 .init_array    0x0000000020000d4c        0x4 CMakeFiles/multi_spi.dir/Users/mattgardner/pico/pico-sdk/src/rp2_common/pico_unique_id/unique_id.c.obj
                0x0000000020000d50                PROVIDE (__init_array_end = .)
                0x0000000020000d50                . = ALIGN (0x4)
                [!provide]                        PROVIDE (__fini_array_start = .)
 *(SORT_BY_NAME(.fini_array.*))
 *(.fini_array)
                [!provide]                        PROVIDE (__fini_array_end = .)
 *(.jcr)
                0x0000000020000d50                . = ALIGN (0x4)
                0x0000000020000d50                __data_end__ = .

.igot.plt       0x0000000020000d50        0x0 load address 0x00000000100095d8
 .igot.plt      0x0000000020000d50        0x0 /usr/local/Cellar/arm-none-eabi-gcc/10.3-2021.07/gcc/bin/../lib/gcc/arm-none-eabi/10.3.1/thumb/v6-m/nofp/crtbegin.o

.uninitialized_data
                0x0000000020000d50        0x0 load address 0x00000000100095d8
                0x0000000020000d50                . = ALIGN (0x4)
 *(.uninitialized_data*)

.scratch_x      0x0000000020040000        0x0 load address 0x00000000100095d8
                0x0000000020040000                __scratch_x_start__ = .
 *(.scratch_x.*)
                0x0000000020040000                . = ALIGN (0x4)
                0x0000000020040000                __scratch_x_end__ = .
                0x00000000100095d8                __scratch_x_source__ = LOADADDR (.scratch_x)

.scratch_y      0x0000000020041000        0x0 load address 0x00000000100095d8
                0x0000000020041000                __scratch_y_start__ = .
 *(.scratch_y.*)
                0x0000000020041000                . = ALIGN (0x4)
                0x0000000020041000                __scratch_y_end__ = .
                0x00000000100095d8                __scratch_y_source__ = LOADADDR (.scratch_y)

.bss            0x0000000020000d50      0xdc4
                0x0000000020000d50                . = ALIGN (0x4)
                0x0000000020000d50                __bss_start__ = .
 *(SORT_BY_ALIGNMENT(SORT_BY_NAME(.bss*)))
 .bss.default_alarm_pool_entries
                0x0000000020000d50      0x100 CMakeFiles/multi_spi.dir/Users/mattgardner/pico/pico-sdk/src/common/pico_time/time.c.obj
 .bss.last_avail_time.1
                0x0000000020000e50        0x8 CMakeFiles/multi_spi.dir/Users/mattgardner/pico/pico-sdk/src/rp2_common/pico_stdio_usb/stdio_usb.c.obj
 .bss.sd_table  0x0000000020000e58      0x100 CMakeFiles/multi_spi.dir/Users/mattgardner/pico/pico-sdk/src/rp2_common/pico_double/double_init_rom.c.obj
                0x0000000020000e58                sd_table
 .bss           0x0000000020000f58       0x1c /usr/local/Cellar/arm-none-eabi-gcc/10.3-2021.07/gcc/bin/../lib/gcc/arm-none-eabi/10.3.1/thumb/v6-m/nofp/crtbegin.o
 .bss.__lock___malloc_recursive_mutex
                0x0000000020000f74        0x1 /usr/local/Cellar/arm-none-eabi-gcc/10.3-2021.07/gcc/bin/../lib/gcc/arm-none-eabi/10.3.1/../../../../arm-none-eabi/lib/thumb/v6-m/nofp/libc.a(lib_a-lock.o)
                0x0000000020000f74                __lock___malloc_recursive_mutex
 *fill*         0x0000000020000f75        0x3 
 .bss.__malloc_current_mallinfo
                0x0000000020000f78       0x28 /usr/local/Cellar/arm-none-eabi-gcc/10.3-2021.07/gcc/bin/../lib/gcc/arm-none-eabi/10.3.1/../../../../arm-none-eabi/lib/thumb/v6-m/nofp/libc.a(lib_a-mallocr.o)
                0x0000000020000f78                __malloc_current_mallinfo
 .bss.__malloc_max_sbrked_mem
                0x0000000020000fa0        0x4 /usr/local/Cellar/arm-none-eabi-gcc/10.3-2021.07/gcc/bin/../lib/gcc/arm-none-eabi/10.3.1/../../../../arm-none-eabi/lib/thumb/v6-m/nofp/libc.a(lib_a-mallocr.o)
                0x0000000020000fa0                __malloc_max_sbrked_mem
 .bss.__malloc_max_total_mem
                0x0000000020000fa4        0x4 /usr/local/Cellar/arm-none-eabi-gcc/10.3-2021.07/gcc/bin/../lib/gcc/arm-none-eabi/10.3.1/../../../../arm-none-eabi/lib/thumb/v6-m/nofp/libc.a(lib_a-mallocr.o)
                0x0000000020000fa4                __malloc_max_total_mem
 .bss.__malloc_top_pad
                0x0000000020000fa8        0x4 /usr/local/Cellar/arm-none-eabi-gcc/10.3-2021.07/gcc/bin/../lib/gcc/arm-none-eabi/10.3.1/../../../../arm-none-eabi/lib/thumb/v6-m/nofp/libc.a(lib_a-mallocr.o)
                0x0000000020000fa8                __malloc_top_pad
 .bss._app_driver
                0x0000000020000fac        0x4 CMakeFiles/multi_spi.dir/Users/mattgardner/pico/pico-sdk/lib/tinyusb/src/device/usbd.c.obj
 .bss._cdcd_itf
                0x0000000020000fb0      0x2d8 CMakeFiles/multi_spi.dir/Users/mattgardner/pico/pico-sdk/lib/tinyusb/src/class/cdc/cdc_device.c.obj
 .bss._ctrl_xfer
                0x0000000020001288       0x14 CMakeFiles/multi_spi.dir/Users/mattgardner/pico/pico-sdk/lib/tinyusb/src/device/usbd_control.c.obj
 .bss._ubsd_mutexdef
                0x000000002000129c        0x8 CMakeFiles/multi_spi.dir/Users/mattgardner/pico/pico-sdk/lib/tinyusb/src/device/usbd.c.obj
 .bss._usbd_ctrl_buf
                0x00000000200012a4       0x40 CMakeFiles/multi_spi.dir/Users/mattgardner/pico/pico-sdk/lib/tinyusb/src/device/usbd_control.c.obj
 .bss._usbd_dev
                0x00000000200012e4       0x53 CMakeFiles/multi_spi.dir/Users/mattgardner/pico/pico-sdk/lib/tinyusb/src/device/usbd.c.obj
 *fill*         0x0000000020001337        0x1 
 .bss._usbd_mutex
                0x0000000020001338        0x4 CMakeFiles/multi_spi.dir/Users/mattgardner/pico/pico-sdk/lib/tinyusb/src/device/usbd.c.obj
 .bss._usbd_q   0x000000002000133c        0x4 CMakeFiles/multi_spi.dir/Users/mattgardner/pico/pico-sdk/lib/tinyusb/src/device/usbd.c.obj
 .bss._usbd_qdef_buf
                0x0000000020001340       0xc0 CMakeFiles/multi_spi.dir/Users/mattgardner/pico/pico-sdk/lib/tinyusb/src/device/usbd.c.obj
                0x0000000020001340                _usbd_qdef_buf
 .bss.alarm_callbacks
                0x0000000020001400       0x10 CMakeFiles/multi_spi.dir/Users/mattgardner/pico/pico-sdk/src/rp2_common/hardware_timer/timer.c.obj
 .bss.boot2_copyout
                0x0000000020001410      0x100 CMakeFiles/multi_spi.dir/Users/mattgardner/pico/pico-sdk/src/rp2_common/hardware_flash/flash.c.obj
 .bss.claimed   0x0000000020001510        0x4 CMakeFiles/multi_spi.dir/Users/mattgardner/pico/pico-sdk/src/rp2_common/hardware_sync/sync.c.obj
 .bss.configured_freq
                0x0000000020001514       0x28 CMakeFiles/multi_spi.dir/Users/mattgardner/pico/pico-sdk/src/rp2_common/hardware_clocks/clocks.c.obj
 .bss.default_alarm_pool_entry_ids_high
                0x000000002000153c       0x10 CMakeFiles/multi_spi.dir/Users/mattgardner/pico/pico-sdk/src/common/pico_time/time.c.obj
 .bss.default_alarm_pool_heap_nodes
                0x000000002000154c       0x30 CMakeFiles/multi_spi.dir/Users/mattgardner/pico/pico-sdk/src/common/pico_time/time.c.obj
 .bss.desc_str.0
                0x000000002000157c       0x28 CMakeFiles/multi_spi.dir/Users/mattgardner/pico/pico-sdk/src/rp2_common/pico_stdio_usb/stdio_usb_descriptors.c.obj
 .bss.drivers   0x00000000200015a4        0x4 CMakeFiles/multi_spi.dir/Users/mattgardner/pico/pico-sdk/src/rp2_common/pico_stdio/stdio.c.obj
 .bss.errno     0x00000000200015a8        0x4 /usr/local/Cellar/arm-none-eabi-gcc/10.3-2021.07/gcc/bin/../lib/gcc/arm-none-eabi/10.3.1/../../../../arm-none-eabi/lib/thumb/v6-m/nofp/libc.a(lib_a-reent.o)
                0x00000000200015a8                errno
 .bss.filter    0x00000000200015ac        0x4 CMakeFiles/multi_spi.dir/Users/mattgardner/pico/pico-sdk/src/rp2_common/pico_stdio/stdio.c.obj
 .bss.heap_end.0
                0x00000000200015b0        0x4 CMakeFiles/multi_spi.dir/Users/mattgardner/pico/pico-sdk/src/rp2_common/pico_runtime/runtime.c.obj
 .bss.hw_endpoints
                0x00000000200015b4      0x400 CMakeFiles/multi_spi.dir/Users/mattgardner/pico/pico-sdk/lib/tinyusb/src/portable/raspberrypi/rp2040/dcd_rp2040.c.obj
 .bss.lazy_vsnprintf
                0x00000000200019b4        0x4 CMakeFiles/multi_spi.dir/Users/mattgardner/pico/pico-sdk/src/rp2_common/pico_printf/printf.c.obj
 .bss.load_value
                0x00000000200019b8        0x4 CMakeFiles/multi_spi.dir/Users/mattgardner/pico/pico-sdk/src/rp2_common/hardware_watchdog/watchdog.c.obj
 .bss.next_buffer_ptr
                0x00000000200019bc        0x4 CMakeFiles/multi_spi.dir/Users/mattgardner/pico/pico-sdk/lib/tinyusb/src/portable/raspberrypi/rp2040/dcd_rp2040.c.obj
 .bss.pools     0x00000000200019c0       0x10 CMakeFiles/multi_spi.dir/Users/mattgardner/pico/pico-sdk/src/common/pico_time/time.c.obj
 .bss.read_bytes
                0x00000000200019d0        0x4 CMakeFiles/multi_spi.dir/main.cpp.obj
                0x00000000200019d0                read_bytes
 .bss.retrieved_id
                0x00000000200019d4        0x8 CMakeFiles/multi_spi.dir/Users/mattgardner/pico/pico-sdk/src/rp2_common/pico_unique_id/unique_id.c.obj
 .bss.sf_clz_func
                0x00000000200019dc        0x4 CMakeFiles/multi_spi.dir/Users/mattgardner/pico/pico-sdk/src/rp2_common/pico_double/double_init_rom.c.obj
                0x00000000200019dc                sf_clz_func
 .bss.sf_table  0x00000000200019e0      0x100 CMakeFiles/multi_spi.dir/Users/mattgardner/pico/pico-sdk/src/rp2_common/pico_float/float_init_rom.c.obj
                0x00000000200019e0                sf_table
 .bss.sleep_notifier
                0x0000000020001ae0        0x4 CMakeFiles/multi_spi.dir/Users/mattgardner/pico/pico-sdk/src/common/pico_time/time.c.obj
 .bss.stdio_usb_mutex
                0x0000000020001ae4        0x8 CMakeFiles/multi_spi.dir/Users/mattgardner/pico/pico-sdk/src/rp2_common/pico_stdio_usb/stdio_usb.c.obj
 .bss.target_hi
                0x0000000020001aec       0x10 CMakeFiles/multi_spi.dir/Users/mattgardner/pico/pico-sdk/src/rp2_common/hardware_timer/timer.c.obj
 .bss.usbd_serial_str
                0x0000000020001afc       0x11 CMakeFiles/multi_spi.dir/Users/mattgardner/pico/pico-sdk/src/rp2_common/pico_stdio_usb/stdio_usb_descriptors.c.obj
 .bss._app_driver_count
                0x0000000020001b0d        0x1 CMakeFiles/multi_spi.dir/Users/mattgardner/pico/pico-sdk/lib/tinyusb/src/device/usbd.c.obj
 .bss._usbd_initialized
                0x0000000020001b0e        0x1 CMakeFiles/multi_spi.dir/Users/mattgardner/pico/pico-sdk/lib/tinyusb/src/device/usbd.c.obj
 .bss.boot2_copyout_valid
                0x0000000020001b0f        0x1 CMakeFiles/multi_spi.dir/Users/mattgardner/pico/pico-sdk/src/rp2_common/hardware_flash/flash.c.obj
 .bss.claimed   0x0000000020001b10        0x1 CMakeFiles/multi_spi.dir/Users/mattgardner/pico/pico-sdk/src/rp2_common/hardware_timer/timer.c.obj
 .bss.irq_hander_chain_free_slot_head
                0x0000000020001b11        0x1 CMakeFiles/multi_spi.dir/Users/mattgardner/pico/pico-sdk/src/rp2_common/hardware_irq/irq.c.obj
 .bss.itf_num   0x0000000020001b12        0x1 CMakeFiles/multi_spi.dir/Users/mattgardner/pico/pico-sdk/src/rp2_common/pico_stdio_usb/reset_interface.c.obj
 .bss.timer_callbacks_pending
                0x0000000020001b13        0x1 CMakeFiles/multi_spi.dir/Users/mattgardner/pico/pico-sdk/src/rp2_common/hardware_timer/timer.c.obj
 *(COMMON)
                0x0000000020001b14                . = ALIGN (0x4)
                0x0000000020001b14                __bss_end__ = .

.heap           0x0000000020001b14      0x800
                0x0000000020001b14                __end__ = .
                0x0000000020001b14                end = __end__
 *(.heap*)
 .heap          0x0000000020001b14      0x800 CMakeFiles/multi_spi.dir/Users/mattgardner/pico/pico-sdk/src/rp2_common/pico_standard_link/crt0.S.obj
                0x0000000020002314                __HeapLimit = .

.stack1_dummy   0x0000000020040000        0x0
 *(.stack1*)

.stack_dummy    0x0000000020041000      0x800
 *(.stack*)
 .stack         0x0000000020041000      0x800 CMakeFiles/multi_spi.dir/Users/mattgardner/pico/pico-sdk/src/rp2_common/pico_standard_link/crt0.S.obj

.flash_end      0x00000000100095d8        0x0
                0x00000000100095d8                __flash_binary_end = .
                0x0000000020040000                __StackLimit = (ORIGIN (RAM) + LENGTH (RAM))
                0x0000000020041000                __StackOneTop = (ORIGIN (SCRATCH_X) + LENGTH (SCRATCH_X))
                0x0000000020042000                __StackTop = (ORIGIN (SCRATCH_Y) + LENGTH (SCRATCH_Y))
                0x0000000020041000                __StackOneBottom = (__StackOneTop - SIZEOF (.stack1_dummy))
                0x0000000020041800                __StackBottom = (__StackTop - SIZEOF (.stack_dummy))
                0x0000000020042000                PROVIDE (__stack = __StackTop)
                0x0000000000000001                ASSERT ((__StackLimit >= __HeapLimit), region RAM overflowed)
                0x0000000000000001                ASSERT (((__binary_info_header_end - __logical_binary_start) <= 0x100), Binary info must be in first 256 bytes of the binary)
LOAD CMakeFiles/multi_spi.dir/main.cpp.obj
LOAD CMakeFiles/multi_spi.dir/Users/mattgardner/pico/pico-sdk/src/rp2_common/hardware_i2c/i2c.c.obj
LOAD CMakeFiles/multi_spi.dir/Users/mattgardner/pico/pico-sdk/src/rp2_common/hardware_claim/claim.c.obj
LOAD CMakeFiles/multi_spi.dir/Users/mattgardner/pico/pico-sdk/src/rp2_common/pico_platform/platform.c.obj
LOAD CMakeFiles/multi_spi.dir/Users/mattgardner/pico/pico-sdk/src/rp2_common/hardware_sync/sync.c.obj
LOAD CMakeFiles/multi_spi.dir/Users/mattgardner/pico/pico-sdk/src/rp2_common/pico_stdlib/stdlib.c.obj
LOAD CMakeFiles/multi_spi.dir/Users/mattgardner/pico/pico-sdk/src/rp2_common/hardware_gpio/gpio.c.obj
LOAD CMakeFiles/multi_spi.dir/Users/mattgardner/pico/pico-sdk/src/rp2_common/hardware_uart/uart.c.obj
LOAD CMakeFiles/multi_spi.dir/Users/mattgardner/pico/pico-sdk/src/rp2_common/hardware_divider/divider.S.obj
LOAD CMakeFiles/multi_spi.dir/Users/mattgardner/pico/pico-sdk/src/common/pico_time/time.c.obj
LOAD CMakeFiles/multi_spi.dir/Users/mattgardner/pico/pico-sdk/src/common/pico_time/timeout_helper.c.obj
LOAD CMakeFiles/multi_spi.dir/Users/mattgardner/pico/pico-sdk/src/rp2_common/hardware_timer/timer.c.obj
LOAD CMakeFiles/multi_spi.dir/Users/mattgardner/pico/pico-sdk/src/common/pico_sync/sem.c.obj
LOAD CMakeFiles/multi_spi.dir/Users/mattgardner/pico/pico-sdk/src/common/pico_sync/lock_core.c.obj
LOAD CMakeFiles/multi_spi.dir/Users/mattgardner/pico/pico-sdk/src/common/pico_sync/mutex.c.obj
LOAD CMakeFiles/multi_spi.dir/Users/mattgardner/pico/pico-sdk/src/common/pico_sync/critical_section.c.obj
LOAD CMakeFiles/multi_spi.dir/Users/mattgardner/pico/pico-sdk/src/common/pico_util/datetime.c.obj
LOAD CMakeFiles/multi_spi.dir/Users/mattgardner/pico/pico-sdk/src/common/pico_util/pheap.c.obj
LOAD CMakeFiles/multi_spi.dir/Users/mattgardner/pico/pico-sdk/src/common/pico_util/queue.c.obj
LOAD CMakeFiles/multi_spi.dir/Users/mattgardner/pico/pico-sdk/src/rp2_common/pico_runtime/runtime.c.obj
LOAD CMakeFiles/multi_spi.dir/Users/mattgardner/pico/pico-sdk/src/rp2_common/hardware_clocks/clocks.c.obj
LOAD CMakeFiles/multi_spi.dir/Users/mattgardner/pico/pico-sdk/src/rp2_common/hardware_irq/irq.c.obj
LOAD CMakeFiles/multi_spi.dir/Users/mattgardner/pico/pico-sdk/src/rp2_common/hardware_irq/irq_handler_chain.S.obj
LOAD CMakeFiles/multi_spi.dir/Users/mattgardner/pico/pico-sdk/src/rp2_common/hardware_pll/pll.c.obj
LOAD CMakeFiles/multi_spi.dir/Users/mattgardner/pico/pico-sdk/src/rp2_common/hardware_vreg/vreg.c.obj
LOAD CMakeFiles/multi_spi.dir/Users/mattgardner/pico/pico-sdk/src/rp2_common/hardware_watchdog/watchdog.c.obj
LOAD CMakeFiles/multi_spi.dir/Users/mattgardner/pico/pico-sdk/src/rp2_common/hardware_xosc/xosc.c.obj
LOAD CMakeFiles/multi_spi.dir/Users/mattgardner/pico/pico-sdk/src/rp2_common/pico_printf/printf.c.obj
LOAD CMakeFiles/multi_spi.dir/Users/mattgardner/pico/pico-sdk/src/rp2_common/pico_bit_ops/bit_ops_aeabi.S.obj
LOAD CMakeFiles/multi_spi.dir/Users/mattgardner/pico/pico-sdk/src/rp2_common/pico_bootrom/bootrom.c.obj
LOAD CMakeFiles/multi_spi.dir/Users/mattgardner/pico/pico-sdk/src/rp2_common/pico_divider/divider.S.obj
LOAD CMakeFiles/multi_spi.dir/Users/mattgardner/pico/pico-sdk/src/rp2_common/pico_double/double_aeabi.S.obj
LOAD CMakeFiles/multi_spi.dir/Users/mattgardner/pico/pico-sdk/src/rp2_common/pico_double/double_init_rom.c.obj
LOAD CMakeFiles/multi_spi.dir/Users/mattgardner/pico/pico-sdk/src/rp2_common/pico_double/double_math.c.obj
LOAD CMakeFiles/multi_spi.dir/Users/mattgardner/pico/pico-sdk/src/rp2_common/pico_double/double_v1_rom_shim.S.obj
LOAD CMakeFiles/multi_spi.dir/Users/mattgardner/pico/pico-sdk/src/rp2_common/pico_int64_ops/pico_int64_ops_aeabi.S.obj
LOAD CMakeFiles/multi_spi.dir/Users/mattgardner/pico/pico-sdk/src/rp2_common/pico_float/float_aeabi.S.obj
LOAD CMakeFiles/multi_spi.dir/Users/mattgardner/pico/pico-sdk/src/rp2_common/pico_float/float_init_rom.c.obj
LOAD CMakeFiles/multi_spi.dir/Users/mattgardner/pico/pico-sdk/src/rp2_common/pico_float/float_math.c.obj
LOAD CMakeFiles/multi_spi.dir/Users/mattgardner/pico/pico-sdk/src/rp2_common/pico_float/float_v1_rom_shim.S.obj
LOAD CMakeFiles/multi_spi.dir/Users/mattgardner/pico/pico-sdk/src/rp2_common/pico_malloc/pico_malloc.c.obj
LOAD CMakeFiles/multi_spi.dir/Users/mattgardner/pico/pico-sdk/src/rp2_common/pico_mem_ops/mem_ops_aeabi.S.obj
LOAD CMakeFiles/multi_spi.dir/Users/mattgardner/pico/pico-sdk/src/rp2_common/pico_standard_link/crt0.S.obj
LOAD CMakeFiles/multi_spi.dir/Users/mattgardner/pico/pico-sdk/src/rp2_common/pico_standard_link/new_delete.cpp.obj
LOAD CMakeFiles/multi_spi.dir/Users/mattgardner/pico/pico-sdk/src/rp2_common/pico_standard_link/binary_info.c.obj
LOAD CMakeFiles/multi_spi.dir/Users/mattgardner/pico/pico-sdk/src/rp2_common/pico_stdio/stdio.c.obj
LOAD CMakeFiles/multi_spi.dir/Users/mattgardner/pico/pico-sdk/src/rp2_common/pico_stdio_usb/reset_interface.c.obj
LOAD CMakeFiles/multi_spi.dir/Users/mattgardner/pico/pico-sdk/src/rp2_common/pico_stdio_usb/stdio_usb.c.obj
LOAD CMakeFiles/multi_spi.dir/Users/mattgardner/pico/pico-sdk/src/rp2_common/pico_stdio_usb/stdio_usb_descriptors.c.obj
LOAD CMakeFiles/multi_spi.dir/Users/mattgardner/pico/pico-sdk/lib/tinyusb/src/portable/raspberrypi/rp2040/dcd_rp2040.c.obj
LOAD CMakeFiles/multi_spi.dir/Users/mattgardner/pico/pico-sdk/lib/tinyusb/src/portable/raspberrypi/rp2040/rp2040_usb.c.obj
LOAD CMakeFiles/multi_spi.dir/Users/mattgardner/pico/pico-sdk/lib/tinyusb/src/device/usbd.c.obj
LOAD CMakeFiles/multi_spi.dir/Users/mattgardner/pico/pico-sdk/lib/tinyusb/src/device/usbd_control.c.obj
LOAD CMakeFiles/multi_spi.dir/Users/mattgardner/pico/pico-sdk/lib/tinyusb/src/class/audio/audio_device.c.obj
LOAD CMakeFiles/multi_spi.dir/Users/mattgardner/pico/pico-sdk/lib/tinyusb/src/class/cdc/cdc_device.c.obj
LOAD CMakeFiles/multi_spi.dir/Users/mattgardner/pico/pico-sdk/lib/tinyusb/src/class/dfu/dfu_device.c.obj
LOAD CMakeFiles/multi_spi.dir/Users/mattgardner/pico/pico-sdk/lib/tinyusb/src/class/dfu/dfu_rt_device.c.obj
LOAD CMakeFiles/multi_spi.dir/Users/mattgardner/pico/pico-sdk/lib/tinyusb/src/class/hid/hid_device.c.obj
LOAD CMakeFiles/multi_spi.dir/Users/mattgardner/pico/pico-sdk/lib/tinyusb/src/class/midi/midi_device.c.obj
LOAD CMakeFiles/multi_spi.dir/Users/mattgardner/pico/pico-sdk/lib/tinyusb/src/class/msc/msc_device.c.obj
LOAD CMakeFiles/multi_spi.dir/Users/mattgardner/pico/pico-sdk/lib/tinyusb/src/class/net/ecm_rndis_device.c.obj